Component: ARM Compiler 5.06 update 6 (build 750) Tool: armlink [4d35ed]

==============================================================================

Section Cross References

    startup_stm32f103xb.o(RESET) refers to startup_stm32f103xb.o(STACK) for __initial_sp
    startup_stm32f103xb.o(RESET) refers to startup_stm32f103xb.o(.text) for Reset_Handler
    startup_stm32f103xb.o(RESET) refers to stm32f1xx_it.o(i.NMI_Handler) for NMI_Handler
    startup_stm32f103xb.o(RESET) refers to stm32f1xx_it.o(i.HardFault_Handler) for HardFault_Handler
    startup_stm32f103xb.o(RESET) refers to stm32f1xx_it.o(i.MemManage_Handler) for MemManage_Handler
    startup_stm32f103xb.o(RESET) refers to stm32f1xx_it.o(i.BusFault_Handler) for BusFault_Handler
    startup_stm32f103xb.o(RESET) refers to stm32f1xx_it.o(i.UsageFault_Handler) for UsageFault_Handler
    startup_stm32f103xb.o(RESET) refers to stm32f1xx_it.o(i.SVC_Handler) for SVC_Handler
    startup_stm32f103xb.o(RESET) refers to stm32f1xx_it.o(i.DebugMon_Handler) for DebugMon_Handler
    startup_stm32f103xb.o(RESET) refers to stm32f1xx_it.o(i.PendSV_Handler) for PendSV_Handler
    startup_stm32f103xb.o(RESET) refers to stm32f1xx_it.o(i.SysTick_Handler) for SysTick_Handler
    startup_stm32f103xb.o(RESET) refers to stm32f1xx_it.o(i.RTC_IRQHandler) for RTC_IRQHandler
    startup_stm32f103xb.o(.text) refers to system_stm32f1xx.o(i.SystemInit) for SystemInit
    startup_stm32f103xb.o(.text) refers to entry.o(.ARM.Collect$$$$00000000) for __main
    main.o(i.App_init) refers to main.o(i.RTC_SetDate) for RTC_SetDate
    main.o(i.App_init) refers to main.o(i.RTC_SetTime) for RTC_SetTime
    main.o(i.App_main) refers to main.o(i.MX_GPIO_Init) for MX_GPIO_Init
    main.o(i.App_main) refers to stm32f1xx_hal_rtc.o(i.HAL_RTC_GetDate) for HAL_RTC_GetDate
    main.o(i.App_main) refers to main.o(i.data_restore) for data_restore
    main.o(i.App_main) refers to main.o(.data) for .data
    main.o(i.App_main) refers to main.o(.bss) for .bss
    main.o(i.MX_ADC1_Init) refers to stm32f1xx_hal_adc.o(i.HAL_ADC_Init) for HAL_ADC_Init
    main.o(i.MX_ADC1_Init) refers to stm32f1xx_hal_adc.o(i.HAL_ADC_ConfigChannel) for HAL_ADC_ConfigChannel
    main.o(i.MX_ADC1_Init) refers to main.o(.bss) for .bss
    main.o(i.MX_GPIO_Init) refers to stm32f1xx_hal_gpio.o(i.HAL_GPIO_WritePin) for HAL_GPIO_WritePin
    main.o(i.MX_GPIO_Init) refers to stm32f1xx_hal_gpio.o(i.HAL_GPIO_Init) for HAL_GPIO_Init
    main.o(i.MX_RTC_Init) refers to stm32f1xx_hal_rtc.o(i.HAL_RTC_Init) for HAL_RTC_Init
    main.o(i.MX_RTC_Init) refers to stm32f1xx_hal_rtc.o(i.HAL_RTC_SetTime) for HAL_RTC_SetTime
    main.o(i.MX_RTC_Init) refers to stm32f1xx_hal_rtc.o(i.HAL_RTC_SetDate) for HAL_RTC_SetDate
    main.o(i.MX_RTC_Init) refers to main.o(.bss) for .bss
    main.o(i.MX_SPI1_Init) refers to stm32f1xx_hal_spi_ex.o(i.HAL_SPI_Init) for HAL_SPI_Init
    main.o(i.MX_SPI1_Init) refers to main.o(.bss) for .bss
    main.o(i.RTC_AlarmConfig) refers to stm32f1xx_hal_rtc.o(i.HAL_RTC_SetDate) for HAL_RTC_SetDate
    main.o(i.RTC_AlarmConfig) refers to stm32f1xx_hal_rtc.o(i.HAL_RTC_SetTime) for HAL_RTC_SetTime
    main.o(i.RTC_AlarmConfig) refers to stm32f1xx_hal_rtc.o(i.HAL_RTC_SetAlarm_IT) for HAL_RTC_SetAlarm_IT
    main.o(i.RTC_AlarmConfig) refers to main.o(.bss) for .bss
    main.o(i.RTC_SetAlarmAfterXsec) refers to stm32f1xx_hal_rtc.o(i.HAL_RTC_GetTime) for HAL_RTC_GetTime
    main.o(i.RTC_SetAlarmAfterXsec) refers to stm32f1xx_hal_rtc.o(i.HAL_RTC_SetAlarm_IT) for HAL_RTC_SetAlarm_IT
    main.o(i.RTC_SetAlarmAfterXsec) refers to main.o(.bss) for .bss
    main.o(i.RTC_SetAlarmTo) refers to stm32f1xx_hal_rtc.o(i.HAL_RTC_SetAlarm_IT) for HAL_RTC_SetAlarm_IT
    main.o(i.RTC_SetAlarmTo) refers to main.o(.bss) for .bss
    main.o(i.RTC_SetDate) refers to stm32f1xx_hal_rtc.o(i.HAL_RTC_SetDate) for HAL_RTC_SetDate
    main.o(i.RTC_SetDate) refers to main.o(.bss) for .bss
    main.o(i.RTC_SetTime) refers to stm32f1xx_hal_rtc.o(i.HAL_RTC_SetTime) for HAL_RTC_SetTime
    main.o(i.RTC_SetTime) refers to main.o(.bss) for .bss
    main.o(i.SystemClock_Config) refers to memseta.o(.text) for __aeabi_memclr4
    main.o(i.SystemClock_Config) refers to stm32f1xx_hal_rcc.o(i.HAL_RCC_OscConfig) for HAL_RCC_OscConfig
    main.o(i.SystemClock_Config) refers to stm32f1xx_hal_rcc.o(i.HAL_RCC_ClockConfig) for HAL_RCC_ClockConfig
    main.o(i.SystemClock_Config) refers to stm32f1xx_hal_rcc_ex.o(i.HAL_RCCEx_PeriphCLKConfig) for HAL_RCCEx_PeriphCLKConfig
    main.o(i.data_backup) refers to stm32f1xx_hal_uart.o(i.HAL_UART_Transmit) for HAL_UART_Transmit
    main.o(i.data_backup) refers to stm32f1xx_hal_rtc_ex.o(i.HAL_RTCEx_BKUPWrite) for HAL_RTCEx_BKUPWrite
    main.o(i.data_backup) refers to main.o(.bss) for .bss
    main.o(i.data_restore) refers to stm32f1xx_hal_uart.o(i.HAL_UART_Transmit) for HAL_UART_Transmit
    main.o(i.data_restore) refers to stm32f1xx_hal_rtc_ex.o(i.HAL_RTCEx_BKUPRead) for HAL_RTCEx_BKUPRead
[...]
    Removing stm32f1xx_hal_spi.o(i.HAL_SPI_IRQHandler), (196 bytes).
    Removing stm32f1xx_hal_spi.o(i.HAL_SPI_Init), (128 bytes).
    Removing stm32f1xx_hal_spi.o(i.HAL_SPI_MspDeInit), (2 bytes).
    Removing stm32f1xx_hal_spi.o(i.HAL_SPI_MspInit), (2 bytes).
    Removing stm32f1xx_hal_spi.o(i.HAL_SPI_Receive), (336 bytes).
    Removing stm32f1xx_hal_spi.o(i.HAL_SPI_Receive_DMA), (212 bytes).
    Removing stm32f1xx_hal_spi.o(i.HAL_SPI_Receive_IT), (164 bytes).
    Removing stm32f1xx_hal_spi.o(i.HAL_SPI_RxCpltCallback), (2 bytes).
    Removing stm32f1xx_hal_spi.o(i.HAL_SPI_RxHalfCpltCallback), (2 bytes).
    Removing stm32f1xx_hal_spi.o(i.HAL_SPI_Transmit), (360 bytes).
    Removing stm32f1xx_hal_spi.o(i.HAL_SPI_TransmitReceive), (472 bytes).
    Removing stm32f1xx_hal_spi.o(i.HAL_SPI_TransmitReceive_DMA), (264 bytes).
    Removing stm32f1xx_hal_spi.o(i.HAL_SPI_TransmitReceive_IT), (164 bytes).
    Removing stm32f1xx_hal_spi.o(i.HAL_SPI_Transmit_DMA), (184 bytes).
    Removing stm32f1xx_hal_spi.o(i.HAL_SPI_Transmit_IT), (152 bytes).
    Removing stm32f1xx_hal_spi.o(i.HAL_SPI_TxCpltCallback), (2 bytes).
    Removing stm32f1xx_hal_spi.o(i.HAL_SPI_TxHalfCpltCallback), (2 bytes).
    Removing stm32f1xx_hal_spi.o(i.HAL_SPI_TxRxCpltCallback), (2 bytes).
    Removing stm32f1xx_hal_spi.o(i.HAL_SPI_TxRxHalfCpltCallback), (2 bytes).
    Removing stm32f1xx_hal_spi.o(i.SPI_2linesRxISR_16BIT), (48 bytes).
    Removing stm32f1xx_hal_spi.o(i.SPI_2linesRxISR_8BIT), (46 bytes).
    Removing stm32f1xx_hal_spi.o(i.SPI_2linesTxISR_16BIT), (48 bytes).
    Removing stm32f1xx_hal_spi.o(i.SPI_2linesTxISR_8BIT), (46 bytes).
    Removing stm32f1xx_hal_spi.o(i.SPI_AbortRx_ISR), (80 bytes).
    Removing stm32f1xx_hal_spi.o(i.SPI_AbortTx_ISR), (22 bytes).
    Removing stm32f1xx_hal_spi.o(i.SPI_CheckFlag_BSY), (32 bytes).
    Removing stm32f1xx_hal_spi.o(i.SPI_CloseRxTx_ISR), (144 bytes).
    Removing stm32f1xx_hal_spi.o(i.SPI_CloseRx_ISR), (78 bytes).
    Removing stm32f1xx_hal_spi.o(i.SPI_CloseTx_ISR), (124 bytes).
    Removing stm32f1xx_hal_spi.o(i.SPI_DMAAbortOnError), (16 bytes).
    Removing stm32f1xx_hal_spi.o(i.SPI_DMAError), (34 bytes).
    Removing stm32f1xx_hal_spi.o(i.SPI_DMAHalfReceiveCplt), (10 bytes).
    Removing stm32f1xx_hal_spi.o(i.SPI_DMAHalfTransmitCplt), (10 bytes).
    Removing stm32f1xx_hal_spi.o(i.SPI_DMAHalfTransmitReceiveCplt), (10 bytes).
    Removing stm32f1xx_hal_spi.o(i.SPI_DMAReceiveCplt), (82 bytes).
    Removing stm32f1xx_hal_spi.o(i.SPI_DMARxAbortCallback), (66 bytes).
    Removing stm32f1xx_hal_spi.o(i.SPI_DMATransmitCplt), (90 bytes).
    Removing stm32f1xx_hal_spi.o(i.SPI_DMATransmitReceiveCplt), (80 bytes).
    Removing stm32f1xx_hal_spi.o(i.SPI_DMATxAbortCallback), (96 bytes).
    Removing stm32f1xx_hal_spi.o(i.SPI_ISCRCErrorValid), (4 bytes).
    Removing stm32f1xx_hal_spi.o(i.SPI_RxISR_16BIT), (32 bytes).
    Removing stm32f1xx_hal_spi.o(i.SPI_RxISR_8BIT), (30 bytes).
    Removing stm32f1xx_hal_spi.o(i.SPI_TxISR_16BIT), (32 bytes).
    Removing stm32f1xx_hal_spi.o(i.SPI_TxISR_8BIT), (30 bytes).
    Removing stm32f1xx_hal_spi.o(i.SPI_WaitFlagStateUntilTimeout), (150 bytes).
    Removing stm32f1xx_hal_spi_ex.o(.rev16_text), (4 bytes).
    Removing stm32f1xx_hal_spi_ex.o(.revsh_text), (4 bytes).
    Removing stm32f1xx_hal_spi_ex.o(.rrx_text), (6 bytes).
    Removing stm32f1xx_hal_tim.o(.rev16_text), (4 bytes).
    Removing stm32f1xx_hal_tim.o(.revsh_text), (4 bytes).
    Removing stm32f1xx_hal_tim.o(.rrx_text), (6 bytes).
    Removing stm32f1xx_hal_tim_ex.o(.rev16_text), (4 bytes).
    Removing stm32f1xx_hal_tim_ex.o(.revsh_text), (4 bytes).
    Removing stm32f1xx_hal_tim_ex.o(.rrx_text), (6 bytes).
    Removing stm32f1xx_hal_uart.o(.rev16_text), (4 bytes).
    Removing stm32f1xx_hal_uart.o(.revsh_text), (4 bytes).
    Removing stm32f1xx_hal_uart.o(.rrx_text), (6 bytes).
    Removing stm32f1xx_hal_uart.o(i.HAL_HalfDuplex_EnableReceiver), (50 bytes).
    Removing stm32f1xx_hal_uart.o(i.HAL_HalfDuplex_EnableTransmitter), (50 bytes).
    Removing stm32f1xx_hal_uart.o(i.HAL_HalfDuplex_Init), (108 bytes).
    Removing stm32f1xx_hal_uart.o(i.HAL_LIN_Init), (122 bytes).
    Removing stm32f1xx_hal_uart.o(i.HAL_LIN_SendBreak), (46 bytes).
    Removing stm32f1xx_hal_uart.o(i.HAL_MultiProcessor_EnterMuteMode), (46 bytes).
    Removing stm32f1xx_hal_uart.o(i.HAL_MultiProcessor_ExitMuteMode), (46 bytes).
    Removing stm32f1xx_hal_uart.o(i.HAL_MultiProcessor_Init), (130 bytes).
    Removing stm32f1xx_hal_uart.o(i.HAL_UART_Abort), (104 bytes).
    Removing stm32f1xx_hal_uart.o(i.HAL_UART_AbortCpltCallback), (2 bytes).
    Removing stm32f1xx_hal_uart.o(i.HAL_UART_AbortReceive), (68 bytes).
    Removing stm32f1xx_hal_uart.o(i.HAL_UART_AbortReceiveCpltCallback), (2 bytes).
    Removing stm32f1xx_hal_uart.o(i.HAL_UART_AbortReceive_IT), (92 bytes).
    Removing stm32f1xx_hal_uart.o(i.HAL_UART_AbortTransmit), (58 bytes).
    Removing stm32f1xx_hal_uart.o(i.HAL_UART_AbortTransmitCpltCallback), (2 bytes).
    Removing stm32f1xx_hal_uart.o(i.HAL_UART_AbortTransmit_IT), (84 bytes).
    Removing stm32f1xx_hal_uart.o(i.HAL_UART_Abort_IT), (172 bytes).
    Removing stm32f1xx_hal_uart.o(i.HAL_UART_DMAPause), (102 bytes).
    Removing stm32f1xx_hal_uart.o(i.HAL_UART_DMAResume), (94 bytes).
    Removing stm32f1xx_hal_uart.o(i.HAL_UART_DMAStop), (88 bytes).
    Removing stm32f1xx_hal_uart.o(i.HAL_UART_DeInit), (40 bytes).
    Removing stm32f1xx_hal_uart.o(i.HAL_UART_ErrorCallback), (2 bytes).
    Removing stm32f1xx_hal_uart.o(i.HAL_UART_GetError), (4 bytes).
    Removing stm32f1xx_hal_uart.o(i.HAL_UART_GetState), (10 bytes).
    Removing stm32f1xx_hal_uart.o(i.HAL_UART_IRQHandler), (272 bytes).
    Removing stm32f1xx_hal_uart.o(i.HAL_UART_MspDeInit), (2 bytes).
    Removing stm32f1xx_hal_uart.o(i.HAL_UART_MspInit), (2 bytes).
    Removing stm32f1xx_hal_uart.o(i.HAL_UART_Receive), (184 bytes).
    Removing stm32f1xx_hal_uart.o(i.HAL_UART_Receive_DMA), (152 bytes).
    Removing stm32f1xx_hal_uart.o(i.HAL_UART_Receive_IT), (82 bytes).
    Removing stm32f1xx_hal_uart.o(i.HAL_UART_RxCpltCallback), (2 bytes).
    Removing stm32f1xx_hal_uart.o(i.HAL_UART_RxHalfCpltCallback), (2 bytes).
    Removing stm32f1xx_hal_uart.o(i.HAL_UART_Transmit_DMA), (128 bytes).
    Removing stm32f1xx_hal_uart.o(i.HAL_UART_Transmit_IT), (62 bytes).
    Removing stm32f1xx_hal_uart.o(i.HAL_UART_TxCpltCallback), (2 bytes).
    Removing stm32f1xx_hal_uart.o(i.HAL_UART_TxHalfCpltCallback), (2 bytes).
    Removing stm32f1xx_hal_uart.o(i.UART_DMAAbortOnError), (16 bytes).
    Removing stm32f1xx_hal_uart.o(i.UART_DMAError), (74 bytes).
    Removing stm32f1xx_hal_uart.o(i.UART_DMAReceiveCplt), (60 bytes).
    Removing stm32f1xx_hal_uart.o(i.UART_DMARxAbortCallback), (42 bytes).
    Removing stm32f1xx_hal_uart.o(i.UART_DMARxHalfCplt), (10 bytes).
    Removing stm32f1xx_hal_uart.o(i.UART_DMARxOnlyAbortCallback), (20 bytes).
    Removing stm32f1xx_hal_uart.o(i.UART_DMATransmitCplt), (46 bytes).
    Removing stm32f1xx_hal_uart.o(i.UART_DMATxAbortCallback), (42 bytes).
    Removing stm32f1xx_hal_uart.o(i.UART_DMATxHalfCplt), (10 bytes).
    Removing stm32f1xx_hal_uart.o(i.UART_DMATxOnlyAbortCallback), (20 bytes).
    Removing stm32f1xx_hal_uart.o(i.UART_EndRxTransfer), (28 bytes).
    Removing stm32f1xx_hal_uart.o(i.UART_EndTxTransfer), (18 bytes).
    Removing stm32f1xx_hal_uart.o(i.UART_Receive_IT), (150 bytes).
    Removing stm32f1xx_hal_uart.o(i.UART_Transmit_IT), (98 bytes).
    Removing stm32f1xx_hal.o(.rev16_text), (4 bytes).
    Removing stm32f1xx_hal.o(.revsh_text), (4 bytes).
    Removing stm32f1xx_hal.o(.rrx_text), (6 bytes).
    Removing stm32f1xx_hal.o(i.HAL_DBGMCU_DisableDBGSleepMode), (16 bytes).
    Removing stm32f1xx_hal.o(i.HAL_DBGMCU_DisableDBGStandbyMode), (16 bytes).
    Removing stm32f1xx_hal.o(i.HAL_DBGMCU_DisableDBGStopMode), (16 bytes).
    Removing stm32f1xx_hal.o(i.HAL_DBGMCU_EnableDBGSleepMode), (16 bytes).
    Removing stm32f1xx_hal.o(i.HAL_DBGMCU_EnableDBGStandbyMode), (16 bytes).
    Removing stm32f1xx_hal.o(i.HAL_DBGMCU_EnableDBGStopMode), (16 bytes).
    Removing stm32f1xx_hal.o(i.HAL_DeInit), (32 bytes).
    Removing stm32f1xx_hal.o(i.HAL_GetDEVID), (16 bytes).
    Removing stm32f1xx_hal.o(i.HAL_GetHalVersion), (8 bytes).
    Removing stm32f1xx_hal.o(i.HAL_GetREVID), (12 bytes).
    Removing stm32f1xx_hal.o(i.HAL_GetTickFreq), (12 bytes).
    Removing stm32f1xx_hal.o(i.HAL_GetTickPrio), (12 bytes).
    Removing stm32f1xx_hal.o(i.HAL_GetUID), (28 bytes).
    Removing stm32f1xx_hal.o(i.HAL_MspDeInit), (2 bytes).
    Removing stm32f1xx_hal.o(i.HAL_MspInit), (2 bytes).
    Removing stm32f1xx_hal.o(i.HAL_ResumeTick), (14 bytes).
    Removing stm32f1xx_hal.o(i.HAL_SetTickFreq), (28 bytes).
    Removing stm32f1xx_hal.o(i.HAL_SuspendTick), (14 bytes).
    Removing stm32f1xx_hal_rcc.o(.rev16_text), (4 bytes).
    Removing stm32f1xx_hal_rcc.o(.revsh_text), (4 bytes).
    Removing stm32f1xx_hal_rcc.o(.rrx_text), (6 bytes).
    Removing stm32f1xx_hal_rcc.o(i.HAL_RCC_CSSCallback), (2 bytes).
    Removing stm32f1xx_hal_rcc.o(i.HAL_RCC_DeInit), (216 bytes).
    Removing stm32f1xx_hal_rcc.o(i.HAL_RCC_DisableCSS), (12 bytes).
    Removing stm32f1xx_hal_rcc.o(i.HAL_RCC_EnableCSS), (12 bytes).
    Removing stm32f1xx_hal_rcc.o(i.HAL_RCC_GetClockConfig), (64 bytes).
    Removing stm32f1xx_hal_rcc.o(i.HAL_RCC_GetHCLKFreq), (12 bytes).
    Removing stm32f1xx_hal_rcc.o(i.HAL_RCC_GetOscConfig), (144 bytes).
    Removing stm32f1xx_hal_rcc.o(i.HAL_RCC_MCOConfig), (72 bytes).
    Removing stm32f1xx_hal_rcc.o(i.HAL_RCC_NMI_IRQHandler), (24 bytes).
    Removing stm32f1xx_hal_rcc_ex.o(.rev16_text), (4 bytes).
    Removing stm32f1xx_hal_rcc_ex.o(.revsh_text), (4 bytes).
    Removing stm32f1xx_hal_rcc_ex.o(.rrx_text), (6 bytes).
    Removing stm32f1xx_hal_rcc_ex.o(i.HAL_RCCEx_GetPeriphCLKConfig), (44 bytes).
    Removing stm32f1xx_hal_gpio.o(.rev16_text), (4 bytes).
    Removing stm32f1xx_hal_gpio.o(.revsh_text), (4 bytes).
    Removing stm32f1xx_hal_gpio.o(.rrx_text), (6 bytes).
    Removing stm32f1xx_hal_gpio.o(i.HAL_GPIO_DeInit), (228 bytes).
    Removing stm32f1xx_hal_gpio.o(i.HAL_GPIO_EXTI_Callback), (2 bytes).
    Removing stm32f1xx_hal_gpio.o(i.HAL_GPIO_EXTI_IRQHandler), (24 bytes).
    Removing stm32f1xx_hal_gpio.o(i.HAL_GPIO_LockPin), (34 bytes).
    Removing stm32f1xx_hal_gpio.o(i.HAL_GPIO_ReadPin), (10 bytes).
    Removing stm32f1xx_hal_gpio.o(i.HAL_GPIO_TogglePin), (8 bytes).
    Removing stm32f1xx_hal_dma.o(.rev16_text), (4 bytes).
    Removing stm32f1xx_hal_dma.o(.revsh_text), (4 bytes).
    Removing stm32f1xx_hal_dma.o(.rrx_text), (6 bytes).
    Removing stm32f1xx_hal_dma.o(i.DMA_SetConfig), (42 bytes).
    Removing stm32f1xx_hal_dma.o(i.HAL_DMA_Abort), (48 bytes).
    Removing stm32f1xx_hal_dma.o(i.HAL_DMA_Abort_IT), (152 bytes).
    Removing stm32f1xx_hal_dma.o(i.HAL_DMA_DeInit), (92 bytes).
    Removing stm32f1xx_hal_dma.o(i.HAL_DMA_GetError), (4 bytes).
    Removing stm32f1xx_hal_dma.o(i.HAL_DMA_GetState), (6 bytes).
    Removing stm32f1xx_hal_dma.o(i.HAL_DMA_IRQHandler), (340 bytes).
    Removing stm32f1xx_hal_dma.o(i.HAL_DMA_Init), (92 bytes).
    Removing stm32f1xx_hal_dma.o(i.HAL_DMA_PollForTransfer), (532 bytes).
    Removing stm32f1xx_hal_dma.o(i.HAL_DMA_RegisterCallback), (74 bytes).
    Removing stm32f1xx_hal_dma.o(i.HAL_DMA_Start), (80 bytes).
    Removing stm32f1xx_hal_dma.o(i.HAL_DMA_Start_IT), (112 bytes).
    Removing stm32f1xx_hal_dma.o(i.HAL_DMA_UnRegisterCallback), (82 bytes).
    Removing stm32f1xx_hal_cortex.o(.rev16_text), (4 bytes).
    Removing stm32f1xx_hal_cortex.o(.revsh_text), (4 bytes).
    Removing stm32f1xx_hal_cortex.o(.rrx_text), (6 bytes).
    Removing stm32f1xx_hal_cortex.o(i.HAL_NVIC_ClearPendingIRQ), (22 bytes).
    Removing stm32f1xx_hal_cortex.o(i.HAL_NVIC_DisableIRQ), (22 bytes).
    Removing stm32f1xx_hal_cortex.o(i.HAL_NVIC_GetActive), (32 bytes).
    Removing stm32f1xx_hal_cortex.o(i.HAL_NVIC_GetPendingIRQ), (32 bytes).
    Removing stm32f1xx_hal_cortex.o(i.HAL_NVIC_GetPriority), (82 bytes).
    Removing stm32f1xx_hal_cortex.o(i.HAL_NVIC_GetPriorityGrouping), (16 bytes).
    Removing stm32f1xx_hal_cortex.o(i.HAL_NVIC_SetPendingIRQ), (22 bytes).
    Removing stm32f1xx_hal_cortex.o(i.HAL_NVIC_SystemReset), (36 bytes).
    Removing stm32f1xx_hal_cortex.o(i.HAL_SYSTICK_CLKSourceConfig), (24 bytes).
    Removing stm32f1xx_hal_cortex.o(i.HAL_SYSTICK_Callback), (2 bytes).
    Removing stm32f1xx_hal_cortex.o(i.HAL_SYSTICK_IRQHandler), (8 bytes).
    Removing stm32f1xx_hal_pwr.o(.rev16_text), (4 bytes).
    Removing stm32f1xx_hal_pwr.o(.revsh_text), (4 bytes).
    Removing stm32f1xx_hal_pwr.o(.rrx_text), (6 bytes).
    Removing stm32f1xx_hal_pwr.o(i.HAL_PWR_ConfigPVD), (124 bytes).
    Removing stm32f1xx_hal_pwr.o(i.HAL_PWR_DeInit), (24 bytes).
    Removing stm32f1xx_hal_pwr.o(i.HAL_PWR_DisableBkUpAccess), (12 bytes).
    Removing stm32f1xx_hal_pwr.o(i.HAL_PWR_DisablePVD), (12 bytes).
    Removing stm32f1xx_hal_pwr.o(i.HAL_PWR_DisableSEVOnPend), (16 bytes).
    Removing stm32f1xx_hal_pwr.o(i.HAL_PWR_DisableSleepOnExit), (16 bytes).
    Removing stm32f1xx_hal_pwr.o(i.HAL_PWR_DisableWakeUpPin), (28 bytes).
    Removing stm32f1xx_hal_pwr.o(i.HAL_PWR_EnablePVD), (12 bytes).
    Removing stm32f1xx_hal_pwr.o(i.HAL_PWR_EnableSEVOnPend), (16 bytes).
    Removing stm32f1xx_hal_pwr.o(i.HAL_PWR_EnableSleepOnExit), (16 bytes).
    Removing stm32f1xx_hal_pwr.o(i.HAL_PWR_EnableWakeUpPin), (28 bytes).
    Removing stm32f1xx_hal_pwr.o(i.HAL_PWR_EnterSLEEPMode), (32 bytes).
    Removing stm32f1xx_hal_pwr.o(i.HAL_PWR_EnterSTOPMode), (68 bytes).
    Removing stm32f1xx_hal_pwr.o(i.HAL_PWR_PVDCallback), (2 bytes).
    Removing stm32f1xx_hal_pwr.o(i.HAL_PWR_PVD_IRQHandler), (28 bytes).
    Removing stm32f1xx_hal_pwr.o(i.PWR_OverloadWfe), (6 bytes).
    Removing stm32f1xx_hal_flash.o(.rev16_text), (4 bytes).
    Removing stm32f1xx_hal_flash.o(.revsh_text), (4 bytes).
    Removing stm32f1xx_hal_flash.o(.rrx_text), (6 bytes).
    Removing stm32f1xx_hal_flash.o(i.FLASH_Program_HalfWord), (28 bytes).
    Removing stm32f1xx_hal_flash.o(i.FLASH_SetErrorCode), (92 bytes).
    Removing stm32f1xx_hal_flash.o(i.FLASH_WaitForLastOperation), (84 bytes).
    Removing stm32f1xx_hal_flash.o(i.HAL_FLASH_EndOfOperationCallback), (2 bytes).
    Removing stm32f1xx_hal_flash.o(i.HAL_FLASH_GetError), (12 bytes).
    Removing stm32f1xx_hal_flash.o(i.HAL_FLASH_IRQHandler), (264 bytes).
    Removing stm32f1xx_hal_flash.o(i.HAL_FLASH_Lock), (20 bytes).
    Removing stm32f1xx_hal_flash.o(i.HAL_FLASH_OB_Launch), (4 bytes).
    Removing stm32f1xx_hal_flash.o(i.HAL_FLASH_OB_Lock), (20 bytes).
    Removing stm32f1xx_hal_flash.o(i.HAL_FLASH_OB_Unlock), (36 bytes).
    Removing stm32f1xx_hal_flash.o(i.HAL_FLASH_OperationErrorCallback), (2 bytes).
    Removing stm32f1xx_hal_flash.o(i.HAL_FLASH_Program), (128 bytes).
    Removing stm32f1xx_hal_flash.o(i.HAL_FLASH_Program_IT), (100 bytes).
    Removing stm32f1xx_hal_flash.o(i.HAL_FLASH_Unlock), (40 bytes).
    Removing stm32f1xx_hal_flash.o(.bss), (32 bytes).
    Removing stm32f1xx_hal_flash_ex.o(.rev16_text), (4 bytes).
    Removing stm32f1xx_hal_flash_ex.o(.revsh_text), (4 bytes).
    Removing stm32f1xx_hal_flash_ex.o(.rrx_text), (6 bytes).
    Removing stm32f1xx_hal_flash_ex.o(i.FLASH_MassErase), (36 bytes).
    Removing stm32f1xx_hal_flash_ex.o(i.FLASH_OB_DisableWRP), (176 bytes).
    Removing stm32f1xx_hal_flash_ex.o(i.FLASH_OB_EnableWRP), (176 bytes).
    Removing stm32f1xx_hal_flash_ex.o(i.FLASH_OB_GetRDP), (24 bytes).
    Removing stm32f1xx_hal_flash_ex.o(i.FLASH_OB_RDP_LevelConfig), (100 bytes).
    Removing stm32f1xx_hal_flash_ex.o(i.FLASH_PageErase), (36 bytes).
    Removing stm32f1xx_hal_flash_ex.o(i.HAL_FLASHEx_Erase), (168 bytes).
    Removing stm32f1xx_hal_flash_ex.o(i.HAL_FLASHEx_Erase_IT), (84 bytes).
    Removing stm32f1xx_hal_flash_ex.o(i.HAL_FLASHEx_OBErase), (84 bytes).
    Removing stm32f1xx_hal_flash_ex.o(i.HAL_FLASHEx_OBGetConfig), (36 bytes).
    Removing stm32f1xx_hal_flash_ex.o(i.HAL_FLASHEx_OBGetUserData), (32 bytes).
    Removing stm32f1xx_hal_flash_ex.o(i.HAL_FLASHEx_OBProgram), (200 bytes).
    Removing system_stm32f1xx.o(.rev16_text), (4 bytes).
    Removing system_stm32f1xx.o(.revsh_text), (4 bytes).
    Removing system_stm32f1xx.o(.rrx_text), (6 bytes).
    Removing system_stm32f1xx.o(i.SystemCoreClockUpdate), (104 bytes).
    Removing low_power.o(.rev16_text), (4 bytes).
    Removing low_power.o(.revsh_text), (4 bytes).
    Removing low_power.o(.rrx_text), (6 bytes).
    Removing low_power.o(i.LowPower_init), (60 bytes).
    Removing low_power.o(i.LowPower_shutdown), (6 bytes).
    Removing low_power.o(i.LowPower_sleep), (40 bytes).
    Removing low_power.o(i.LowPower_standby), (6 bytes).
    Removing low_power.o(i.SystemClock_ConfigFromStop), (4 bytes).
    Removing low_power.o(.data), (4 bytes).
    Removing uart_abs.o(.rev16_text), (4 bytes).
    Removing uart_abs.o(.revsh_text), (4 bytes).
    Removing uart_abs.o(.rrx_text), (6 bytes).
    Removing uart_abs.o(i.HAL_UART_RxCpltCallback), (152 bytes).
    Removing uart_abs.o(i.UART1_u16ReadRxBuffer), (24 bytes).
    Removing uart_abs.o(i.UART1_udtSendByte), (28 bytes).
    Removing uart_abs.o(i.UART1_udtSendData), (32 bytes).
    Removing uart_abs.o(i.UART1_udtSendString), (40 bytes).
    Removing uart_abs.o(i.UART1_voidDeinit), (12 bytes).
    Removing uart_abs.o(i.UART1_voidFlushRxBuffer), (36 bytes).
    Removing uart_abs.o(i.UART1_voidInit), (20 bytes).
    Removing uart_abs.o(i.UART2_u16ReadRxBuffer), (24 bytes).
    Removing uart_abs.o(i.UART2_udtSendByte), (28 bytes).
    Removing uart_abs.o(i.UART2_udtSendData), (32 bytes).
    Removing uart_abs.o(i.UART2_udtSendString), (40 bytes).
    Removing uart_abs.o(i.UART2_voidDeinit), (12 bytes).
    Removing uart_abs.o(i.UART2_voidFlushRxBuffer), (36 bytes).
    Removing uart_abs.o(i.UART2_voidInit), (20 bytes).
    Removing uart_abs.o(i.UART_u16ReadRxBuffer), (56 bytes).
    Removing uart_abs.o(i.UART_udtFlushRxBuffer), (72 bytes).
    Removing uart_abs.o(i.UART_udtSendByte), (52 bytes).
    Removing uart_abs.o(i.UART_udtSendData), (48 bytes).
    Removing uart_abs.o(i.UART_udtSendString), (68 bytes).
    Removing uart_abs.o(i.UART_voidDeinit), (28 bytes).
    Removing uart_abs.o(i.UART_voidInit), (40 bytes).
    Removing uart_abs.o(.bss), (256 bytes).
    Removing uart_abs.o(.data), (10 bytes).
    Removing diskio.o(.rev16_text), (4 bytes).
    Removing diskio.o(.revsh_text), (4 bytes).
    Removing diskio.o(.rrx_text), (6 bytes).
    Removing diskio.o(i.get_fattime), (4 bytes).
    Removing ff.o(.rev16_text), (4 bytes).
    Removing ff.o(.revsh_text), (4 bytes).
    Removing ff.o(.rrx_text), (6 bytes).
    Removing ff.o(i.dir_read), (102 bytes).
    Removing ff.o(i.dir_remove), (66 bytes).
    Removing ff.o(i.f_chmod), (82 bytes).
    Removing ff.o(i.f_closedir), (36 bytes).
    Removing ff.o(i.f_getfree), (200 bytes).
    Removing ff.o(i.f_gets), (72 bytes).
    Removing ff.o(i.f_mkdir), (356 bytes).
    Removing ff.o(i.f_mkfs), (1334 bytes).
    Removing ff.o(i.f_opendir), (148 bytes).
    Removing ff.o(i.f_printf), (490 bytes).
    Removing ff.o(i.f_putc), (60 bytes).
    Removing ff.o(i.f_read), (396 bytes).
    Removing ff.o(i.f_readdir), (82 bytes).
    Removing ff.o(i.f_rename), (298 bytes).
    Removing ff.o(i.f_stat), (64 bytes).
    Removing ff.o(i.f_truncate), (216 bytes).
    Removing ff.o(i.f_unlink), (170 bytes).
    Removing ff.o(i.f_utime), (86 bytes).
    Removing ff.o(i.get_fileinfo), (80 bytes).
    Removing ff_gen_drv.o(.rev16_text), (4 bytes).
    Removing ff_gen_drv.o(.revsh_text), (4 bytes).
    Removing ff_gen_drv.o(.rrx_text), (6 bytes).
    Removing ff_gen_drv.o(i.FATFS_GetAttachedDriversNbr), (12 bytes).
    Removing ff_gen_drv.o(i.FATFS_UnLinkDriver), (6 bytes).
    Removing ff_gen_drv.o(i.FATFS_UnLinkDriverEx), (52 bytes).
    Removing syscall.o(.rev16_text), (4 bytes).
    Removing syscall.o(.revsh_text), (4 bytes).
    Removing syscall.o(.rrx_text), (6 bytes).
    Removing sd_if.o(.rev16_text), (4 bytes).
    Removing sd_if.o(.revsh_text), (4 bytes).
    Removing sd_if.o(.rrx_text), (6 bytes).
    Removing sd_if.o(.bss), (100 bytes).
    Removing sd_if.o(.data), (4 bytes).
    Removing sd_if.o(.data), (1 bytes).
    Removing sd_if.o(.data), (4 bytes).
    Removing sd_if.o(.data), (4 bytes).
    Removing sd_if.o(.data), (4 bytes).

434 unused section(s) (total 26869 bytes) removed from the image.

==============================================================================

Image Symbol Table

    Local Symbols

    Symbol Name                              Value     Ov Type        Size  Object(Section)

    ../Drivers/STM32F1xx_HAL_Driver/Src/stm32f1xx_hal.c 0x00000000   Number         0  stm32f1xx_hal.o ABSOLUTE
    ../Drivers/STM32F1xx_HAL_Driver/Src/stm32f1xx_hal_adc.c 0x00000000   Number         0  stm32f1xx_hal_adc.o ABSOLUTE
    ../Drivers/STM32F1xx_HAL_Driver/Src/stm32f1xx_hal_adc_ex.c 0x00000000   Number         0  stm32f1xx_hal_adc_ex.o ABSOLUTE
    ../Drivers/STM32F1xx_HAL_Driver/Src/stm32f1xx_hal_cortex.c 0x00000000   Number         0  stm32f1xx_hal_cortex.o ABSOLUTE
    ../Drivers/STM32F1xx_HAL_Driver/Src/stm32f1xx_hal_dma.c 0x00000000   Number         0  stm32f1xx_hal_dma.o ABSOLUTE
    ../Drivers/STM32F1xx_HAL_Driver/Src/stm32f1xx_hal_flash.c 0x00000000   Number         0  stm32f1xx_hal_flash.o ABSOLUTE
    ../Drivers/STM32F1xx_HAL_Driver/Src/stm32f1xx_hal_flash_ex.c 0x00000000   Number         0  stm32f1xx_hal_flash_ex.o ABSOLUTE
    ../Drivers/STM32F1xx_HAL_Driver/Src/stm32f1xx_hal_gpio.c 0x00000000   Number         0  stm32f1xx_hal_gpio.o ABSOLUTE
    ../Drivers/STM32F1xx_HAL_Driver/Src/stm32f1xx_hal_gpio_ex.c 0x00000000   Number         0  stm32f1xx_hal_gpio_ex.o ABSOLUTE
    ../Drivers/STM32F1xx_HAL_Driver/Src/stm32f1xx_hal_pwr.c 0x00000000   Number         0  stm32f1xx_hal_pwr.o ABSOLUTE
    ../Drivers/STM32F1xx_HAL_Driver/Src/stm32f1xx_hal_rcc.c 0x00000000   Number         0  stm32f1xx_hal_rcc.o ABSOLUTE
    ../Drivers/STM32F1xx_HAL_Driver/Src/stm32f1xx_hal_rcc_ex.c 0x00000000   Number         0  stm32f1xx_hal_rcc_ex.o ABSOLUTE
    ../Drivers/STM32F1xx_HAL_Driver/Src/stm32f1xx_hal_rtc.c 0x00000000   Number         0  stm32f1xx_hal_rtc.o ABSOLUTE
    ../Drivers/STM32F1xx_HAL_Driver/Src/stm32f1xx_hal_rtc_ex.c 0x00000000   Number         0  stm32f1xx_hal_rtc_ex.o ABSOLUTE
    ../Drivers/STM32F1xx_HAL_Driver/Src/stm32f1xx_hal_spi.c 0x00000000   Number         0  stm32f1xx_hal_spi.o ABSOLUTE
    ../Drivers/STM32F1xx_HAL_Driver/Src/stm32f1xx_hal_spi_ex.c 0x00000000   Number         0  stm32f1xx_hal_spi_ex.o ABSOLUTE
    ../Drivers/STM32F1xx_HAL_Driver/Src/stm32f1xx_hal_tim.c 0x00000000   Number         0  stm32f1xx_hal_tim.o ABSOLUTE
    ../Drivers/STM32F1xx_HAL_Driver/Src/stm32f1xx_hal_tim_ex.c 0x00000000   Number         0  stm32f1xx_hal_tim_ex.o ABSOLUTE
    ../Drivers/STM32F1xx_HAL_Driver/Src/stm32f1xx_hal_uart.c 0x00000000   Number         0  stm32f1xx_hal_uart.o ABSOLUTE
    ../Middlewares/Third_Party/FatFs/src/diskio.c 0x00000000   Number         0  diskio.o ABSOLUTE
    ../Middlewares/Third_Party/FatFs/src/ff.c 0x00000000   Number         0  ff.o ABSOLUTE
    ../Middlewares/Third_Party/FatFs/src/ff_gen_drv.c 0x00000000   Number         0  ff_gen_drv.o ABSOLUTE
    ../Middlewares/Third_Party/FatFs/src/option/syscall.c 0x00000000   Number         0  syscall.o ABSOLUTE
    ../Src/fatfs.c                           0x00000000   Number         0  fatfs.o ABSOLUTE
    ../Src/main.c                            0x00000000   Number         0  main.o ABSOLUTE
    ../Src/stm32f1xx_hal_msp.c               0x00000000   Number         0  stm32f1xx_hal_msp.o ABSOLUTE
    ../Src/stm32f1xx_it.c                    0x00000000   Number         0  stm32f1xx_it.o ABSOLUTE
    ../Src/system_stm32f1xx.c                0x00000000   Number         0  system_stm32f1xx.o ABSOLUTE
    ../Src/user_diskio.c                     0x00000000   Number         0  user_diskio.o ABSOLUTE
    ../clib/microlib/init/entry.s            0x00000000   Number         0  entry10b.o ABSOLUTE
    ../clib/microlib/init/entry.s            0x00000000   Number         0  entry10a.o ABSOLUTE
    ../clib/microlib/init/entry.s            0x00000000   Number         0  entry9b.o ABSOLUTE
    ../clib/microlib/init/entry.s            0x00000000   Number         0  entry.o ABSOLUTE
    ../clib/microlib/init/entry.s            0x00000000   Number         0  entry9a.o ABSOLUTE
    ../clib/microlib/init/entry.s            0x00000000   Number         0  entry8b.o ABSOLUTE
    ../clib/microlib/init/entry.s            0x00000000   Number         0  entry8a.o ABSOLUTE
    ../clib/microlib/init/entry.s            0x00000000   Number         0  entry7b.o ABSOLUTE
    ../clib/microlib/init/entry.s            0x00000000   Number         0  entry5.o ABSOLUTE
    ../clib/microlib/init/entry.s            0x00000000   Number         0  entry2.o ABSOLUTE
    ../clib/microlib/init/entry.s            0x00000000   Number         0  entry7a.o ABSOLUTE
    ../clib/microlib/init/entry.s            0x00000000   Number         0  entry11b.o ABSOLUTE
    ../clib/microlib/init/entry.s            0x00000000   Number         0  entry11a.o ABSOLUTE
    ../clib/microlib/longlong.c              0x00000000   Number         0  llushr.o ABSOLUTE
    ../clib/microlib/string/memcpy.c         0x00000000   Number         0  memcpyb.o ABSOLUTE
    ../clib/microlib/string/memcpy.c         0x00000000   Number         0  memcpya.o ABSOLUTE
    ../clib/microlib/string/memset.c         0x00000000   Number         0  memseta.o ABSOLUTE
    ../clib/microlib/string/strlen.c         0x00000000   Number         0  strlen.o ABSOLUTE
    ..\Drivers\STM32F1xx_HAL_Driver\Src\stm32f1xx_hal.c 0x00000000   Number         0  stm32f1xx_hal.o ABSOLUTE
    ..\Drivers\STM32F1xx_HAL_Driver\Src\stm32f1xx_hal_adc.c 0x00000000   Number         0  stm32f1xx_hal_adc.o ABSOLUTE
    ..\Drivers\STM32F1xx_HAL_Driver\Src\stm32f1xx_hal_adc_ex.c 0x00000000   Number         0  stm32f1xx_hal_adc_ex.o ABSOLUTE
    ..\Drivers\STM32F1xx_HAL_Driver\Src\stm32f1xx_hal_cortex.c 0x00000000   Number         0  stm32f1xx_hal_cortex.o ABSOLUTE
    ..\Drivers\STM32F1xx_HAL_Driver\Src\stm32f1xx_hal_dma.c 0x00000000   Number         0  stm32f1xx_hal_dma.o ABSOLUTE
    ..\Drivers\STM32F1xx_HAL_Driver\Src\stm32f1xx_hal_flash.c 0x00000000   Number         0  stm32f1xx_hal_flash.o ABSOLUTE
    ..\Drivers\STM32F1xx_HAL_Driver\Src\stm32f1xx_hal_flash_ex.c 0x00000000   Number         0  stm32f1xx_hal_flash_ex.o ABSOLUTE
    ..\Drivers\STM32F1xx_HAL_Driver\Src\stm32f1xx_hal_gpio.c 0x00000000   Number         0  stm32f1xx_hal_gpio.o ABSOLUTE
    ..\Drivers\STM32F1xx_HAL_Driver\Src\stm32f1xx_hal_gpio_ex.c 0x00000000   Number         0  stm32f1xx_hal_gpio_ex.o ABSOLUTE
    ..\Drivers\STM32F1xx_HAL_Driver\Src\stm32f1xx_hal_pwr.c 0x00000000   Number         0  stm32f1xx_hal_pwr.o ABSOLUTE
    ..\Drivers\STM32F1xx_HAL_Driver\Src\stm32f1xx_hal_rcc.c 0x00000000   Number         0  stm32f1xx_hal_rcc.o ABSOLUTE
    ..\Drivers\STM32F1xx_HAL_Driver\Src\stm32f1xx_hal_rcc_ex.c 0x00000000   Number         0  stm32f1xx_hal_rcc_ex.o ABSOLUTE
    ..\Drivers\STM32F1xx_HAL_Driver\Src\stm32f1xx_hal_rtc.c 0x00000000   Number         0  stm32f1xx_hal_rtc.o ABSOLUTE
    ..\Drivers\STM32F1xx_HAL_Driver\Src\stm32f1xx_hal_rtc_ex.c 0x00000000   Number         0  stm32f1xx_hal_rtc_ex.o ABSOLUTE
    ..\Drivers\STM32F1xx_HAL_Driver\Src\stm32f1xx_hal_spi.c 0x00000000   Number         0  stm32f1xx_hal_spi.o ABSOLUTE
    ..\Drivers\STM32F1xx_HAL_Driver\Src\stm32f1xx_hal_spi_ex.c 0x00000000   Number         0  stm32f1xx_hal_spi_ex.o ABSOLUTE
    ..\Drivers\STM32F1xx_HAL_Driver\Src\stm32f1xx_hal_tim.c 0x00000000   Number         0  stm32f1xx_hal_tim.o ABSOLUTE
    ..\Drivers\STM32F1xx_HAL_Driver\Src\stm32f1xx_hal_tim_ex.c 0x00000000   Number         0  stm32f1xx_hal_tim_ex.o ABSOLUTE
    ..\Drivers\STM32F1xx_HAL_Driver\Src\stm32f1xx_hal_uart.c 0x00000000   Number         0  stm32f1xx_hal_uart.o ABSOLUTE
    ..\Middlewares\Third_Party\FatFs\src\diskio.c 0x00000000   Number         0  diskio.o ABSOLUTE
    ..\Middlewares\Third_Party\FatFs\src\ff.c 0x00000000   Number         0  ff.o ABSOLUTE
    ..\Middlewares\Third_Party\FatFs\src\ff_gen_drv.c 0x00000000   Number         0  ff_gen_drv.o ABSOLUTE
    ..\Middlewares\Third_Party\FatFs\src\option\syscall.c 0x00000000   Number         0  syscall.o ABSOLUTE
    ..\Modules\SD\SD_IF.c                    0x00000000   Number         0  sd_if.o ABSOLUTE
    ..\Modules\Sleep\low_power.c             0x00000000   Number         0  low_power.o ABSOLUTE
    ..\Modules\Uart_Abs\Uart_Abs.c           0x00000000   Number         0  uart_abs.o ABSOLUTE
    ..\Src\Application.c                     0x00000000   Number         0  application.o ABSOLUTE
    ..\Src\fatfs.c                           0x00000000   Number         0  fatfs.o ABSOLUTE
    ..\Src\main.c                            0x00000000   Number         0  main.o ABSOLUTE
    ..\Src\stm32f1xx_hal_msp.c               0x00000000   Number         0  stm32f1xx_hal_msp.o ABSOLUTE
    ..\Src\stm32f1xx_it.c                    0x00000000   Number         0  stm32f1xx_it.o ABSOLUTE
    ..\Src\system_stm32f1xx.c                0x00000000   Number         0  system_stm32f1xx.o ABSOLUTE
    ..\Src\user_diskio.c                     0x00000000   Number         0  user_diskio.o ABSOLUTE
    ..\\Modules\\SD\\SD_IF.c                 0x00000000   Number         0  sd_if.o ABSOLUTE
    ..\\Modules\\Sleep\\low_power.c          0x00000000   Number         0  low_power.o ABSOLUTE
    ..\\Modules\\Uart_Abs\\Uart_Abs.c        0x00000000   Number         0  uart_abs.o ABSOLUTE
    ..\\Src\\Application.c                   0x00000000   Number         0  application.o ABSOLUTE
    dc.s                                     0x00000000   Number         0  dc.o ABSOLUTE
    handlers.s                               0x00000000   Number         0  handlers.o ABSOLUTE
    init.s                                   0x00000000   Number         0  init.o ABSOLUTE
    startup_stm32f103xb.s                    0x00000000   Number         0  startup_stm32f103xb.o ABSOLUTE
    RESET                                    0x08000000   Section      236  startup_stm32f103xb.o(RESET)
    .ARM.Collect$$$$00000000                 0x080000ec   Section        0  entry.o(.ARM.Collect$$$$00000000)
    .ARM.Collect$$$$00000001                 0x080000ec   Section        4  entry2.o(.ARM.Collect$$$$00000001)
    .ARM.Collect$$$$00000004                 0x080000f0   Section        4  entry5.o(.ARM.Collect$$$$00000004)
    .ARM.Collect$$$$00000008                 0x080000f4   Section        0  entry7b.o(.ARM.Collect$$$$00000008)
    .ARM.Collect$$$$0000000A                 0x080000f4   Section        0  entry8b.o(.ARM.Collect$$$$0000000A)
    .ARM.Collect$$$$0000000B                 0x080000f4   Section        8  entry9a.o(.ARM.Collect$$$$0000000B)
    .ARM.Collect$$$$0000000D                 0x080000fc   Section        0  entry10a.o(.ARM.Collect$$$$0000000D)
    .ARM.Collect$$$$0000000F                 0x080000fc   Section        0  entry11a.o(.ARM.Collect$$$$0000000F)
    .ARM.Collect$$$$00002712                 0x080000fc   Section        4  entry2.o(.ARM.Collect$$$$00002712)
    __lit__00000000                          0x080000fc   Data           4  entry2.o(.ARM.Collect$$$$00002712)
    .text                                    0x08000100   Section       36  startup_stm32f103xb.o(.text)
    .text                                    0x08000124   Section        0  memseta.o(.text)
    .text                                    0x08000148   Section       36  init.o(.text)
    i.ADC_ConversionStop_Disable             0x0800016c   Section        0  stm32f1xx_hal_adc.o(i.ADC_ConversionStop_Disable)
    i.App_init                               0x080001b8   Section        0  main.o(i.App_init)
    i.App_main                               0x080001d4   Section        0  main.o(i.App_main)
    i.BusFault_Handler                       0x080001f4   Section        0  stm32f1xx_it.o(i.BusFault_Handler)
    i.DebugMon_Handler                       0x080001f6   Section        0  stm32f1xx_it.o(i.DebugMon_Handler)
    i.FATFS_LinkDriver                       0x080001f8   Section        0  ff_gen_drv.o(i.FATFS_LinkDriver)
    i.FATFS_LinkDriverEx                     0x08000200   Section        0  ff_gen_drv.o(i.FATFS_LinkDriverEx)
    i.HAL_ADC_ConfigChannel                  0x08000240   Section        0  stm32f1xx_hal_adc.o(i.HAL_ADC_ConfigChannel)
    i.HAL_ADC_Init                           0x0800033c   Section        0  stm32f1xx_hal_adc.o(i.HAL_ADC_Init)
    i.HAL_ADC_MspInit                        0x08000458   Section        0  stm32f1xx_hal_msp.o(i.HAL_ADC_MspInit)
    i.HAL_Delay                              0x080004b0   Section        0  stm32f1xx_hal.o(i.HAL_Delay)
    i.HAL_GPIO_Init                          0x080004d4   Section        0  stm32f1xx_hal_gpio.o(i.HAL_GPIO_Init)
    i.HAL_GPIO_WritePin                      0x08000690   Section        0  stm32f1xx_hal_gpio.o(i.HAL_GPIO_WritePin)
    i.HAL_GetTick                            0x0800069c   Section        0  stm32f1xx_hal.o(i.HAL_GetTick)
    i.HAL_IncTick                            0x080006a8   Section        0  stm32f1xx_hal.o(i.HAL_IncTick)
    i.HAL_Init                               0x080006b8   Section        0  stm32f1xx_hal.o(i.HAL_Init)
    i.HAL_InitTick                           0x080006dc   Section        0  stm32f1xx_hal.o(i.HAL_InitTick)
    i.HAL_MspInit                            0x0800071c   Section        0  stm32f1xx_hal_msp.o(i.HAL_MspInit)
    i.HAL_NVIC_EnableIRQ                     0x08000758   Section        0  stm32f1xx_hal_cortex.o(i.HAL_NVIC_EnableIRQ)
    i.HAL_NVIC_SetPriority                   0x08000770   Section        0  stm32f1xx_hal_cortex.o(i.HAL_NVIC_SetPriority)
    i.HAL_NVIC_SetPriorityGrouping           0x080007b0   Section        0  stm32f1xx_hal_cortex.o(i.HAL_NVIC_SetPriorityGrouping)
    i.HAL_PWR_EnableBkUpAccess               0x080007d4   Section        0  stm32f1xx_hal_pwr.o(i.HAL_PWR_EnableBkUpAccess)
    i.HAL_PWR_EnterSTANDBYMode               0x080007e0   Section        0  stm32f1xx_hal_pwr.o(i.HAL_PWR_EnterSTANDBYMode)
    i.HAL_RCCEx_GetPeriphCLKFreq             0x08000800   Section        0  stm32f1xx_hal_rcc_ex.o(i.HAL_RCCEx_GetPeriphCLKFreq)
    i.HAL_RCCEx_PeriphCLKConfig              0x080008c8   Section        0  stm32f1xx_hal_rcc_ex.o(i.HAL_RCCEx_PeriphCLKConfig)
    i.HAL_RCC_ClockConfig                    0x080009b4   Section        0  stm32f1xx_hal_rcc.o(i.HAL_RCC_ClockConfig)
    i.HAL_RCC_GetPCLK1Freq                   0x08000b20   Section        0  stm32f1xx_hal_rcc.o(i.HAL_RCC_GetPCLK1Freq)
    i.HAL_RCC_GetPCLK2Freq                   0x08000b40   Section        0  stm32f1xx_hal_rcc.o(i.HAL_RCC_GetPCLK2Freq)
    i.HAL_RCC_GetSysClockFreq                0x08000b60   Section        0  stm32f1xx_hal_rcc.o(i.HAL_RCC_GetSysClockFreq)
    i.HAL_RCC_OscConfig                      0x08000bcc   Section        0  stm32f1xx_hal_rcc.o(i.HAL_RCC_OscConfig)
    i.HAL_RTCEx_BKUPRead                     0x08000ed0   Section        0  stm32f1xx_hal_rtc_ex.o(i.HAL_RTCEx_BKUPRead)
    i.HAL_RTCEx_BKUPWrite                    0x08000ee0   Section        0  stm32f1xx_hal_rtc_ex.o(i.HAL_RTCEx_BKUPWrite)
    i.HAL_RTCEx_RTCEventCallback             0x08000ef0   Section        0  stm32f1xx_hal_rtc_ex.o(i.HAL_RTCEx_RTCEventCallback)
    i.HAL_RTCEx_RTCEventErrorCallback        0x08000ef2   Section        0  stm32f1xx_hal_rtc_ex.o(i.HAL_RTCEx_RTCEventErrorCallback)
    i.HAL_RTCEx_RTCIRQHandler                0x08000ef4   Section        0  stm32f1xx_hal_rtc_ex.o(i.HAL_RTCEx_RTCIRQHandler)
    i.HAL_RTC_GetDate                        0x08000f30   Section        0  stm32f1xx_hal_rtc.o(i.HAL_RTC_GetDate)
    i.HAL_RTC_GetTime                        0x08000f7e   Section        0  stm32f1xx_hal_rtc.o(i.HAL_RTC_GetTime)
    i.HAL_RTC_Init                           0x08001058   Section        0  stm32f1xx_hal_rtc.o(i.HAL_RTC_Init)
    i.HAL_RTC_MspInit                        0x080010f8   Section        0  stm32f1xx_hal_msp.o(i.HAL_RTC_MspInit)
    i.HAL_RTC_SetAlarm_IT                    0x08001140   Section        0  stm32f1xx_hal_rtc.o(i.HAL_RTC_SetAlarm_IT)
    i.HAL_RTC_SetDate                        0x08001228   Section        0  stm32f1xx_hal_rtc.o(i.HAL_RTC_SetDate)
    i.HAL_RTC_SetTime                        0x080012ec   Section        0  stm32f1xx_hal_rtc.o(i.HAL_RTC_SetTime)
    i.HAL_RTC_WaitForSynchro                 0x08001398   Section        0  stm32f1xx_hal_rtc.o(i.HAL_RTC_WaitForSynchro)
    i.HAL_SPI_Init                           0x080013d2   Section        0  stm32f1xx_hal_spi_ex.o(i.HAL_SPI_Init)
    i.HAL_SPI_MspInit                        0x08001454   Section        0  stm32f1xx_hal_msp.o(i.HAL_SPI_MspInit)
    i.HAL_SYSTICK_Config                     0x080014d4   Section        0  stm32f1xx_hal_cortex.o(i.HAL_SYSTICK_Config)
    i.HAL_UART_Init                          0x080014fc   Section        0  stm32f1xx_hal_uart.o(i.HAL_UART_Init)
    i.HAL_UART_MspInit                       0x08001560   Section        0  stm32f1xx_hal_msp.o(i.HAL_UART_MspInit)
    i.HAL_UART_Transmit                      0x0800160c   Section        0  stm32f1xx_hal_uart.o(i.HAL_UART_Transmit)
    i.HardFault_Handler                      0x080016c6   Section        0  stm32f1xx_it.o(i.HardFault_Handler)
    i.MX_ADC1_Init                           0x080016c8   Section        0  main.o(i.MX_ADC1_Init)
    MX_ADC1_Init                             0x080016c9   Thumb Code    56  main.o(i.MX_ADC1_Init)
    i.MX_FATFS_Init                          0x08001708   Section        0  fatfs.o(i.MX_FATFS_Init)
    i.MX_GPIO_Init                           0x08001724   Section        0  main.o(i.MX_GPIO_Init)
    MX_GPIO_Init                             0x08001725   Thumb Code   208  main.o(i.MX_GPIO_Init)
    i.MX_RTC_Init                            0x08001804   Section        0  main.o(i.MX_RTC_Init)
    MX_RTC_Init                              0x08001805   Thumb Code    76  main.o(i.MX_RTC_Init)
    i.MX_SPI1_Init                           0x08001858   Section        0  main.o(i.MX_SPI1_Init)
    MX_SPI1_Init                             0x08001859   Thumb Code    44  main.o(i.MX_SPI1_Init)
    i.MemManage_Handler                      0x0800188c   Section        0  stm32f1xx_it.o(i.MemManage_Handler)
    i.NMI_Handler                            0x0800188e   Section        0  stm32f1xx_it.o(i.NMI_Handler)
    i.NVIC_SetPriority                       0x08001890   Section        0  stm32f1xx_hal_cortex.o(i.NVIC_SetPriority)
    NVIC_SetPriority                         0x08001891   Thumb Code    32  stm32f1xx_hal_cortex.o(i.NVIC_SetPriority)
    i.PendSV_Handler                         0x080018b0   Section        0  stm32f1xx_it.o(i.PendSV_Handler)
    i.RTC_Bcd2ToByte                         0x080018b2   Section        0  stm32f1xx_hal_rtc.o(i.RTC_Bcd2ToByte)
    RTC_Bcd2ToByte                           0x080018b3   Thumb Code    18  stm32f1xx_hal_rtc.o(i.RTC_Bcd2ToByte)
    i.RTC_ByteToBcd2                         0x080018c4   Section        0  stm32f1xx_hal_rtc.o(i.RTC_ByteToBcd2)
    RTC_ByteToBcd2                           0x080018c5   Thumb Code    22  stm32f1xx_hal_rtc.o(i.RTC_ByteToBcd2)
    i.RTC_DateUpdate                         0x080018da   Section        0  stm32f1xx_hal_rtc.o(i.RTC_DateUpdate)
    RTC_DateUpdate                           0x080018db   Thumb Code   174  stm32f1xx_hal_rtc.o(i.RTC_DateUpdate)
    i.RTC_EnterInitMode                      0x08001988   Section        0  stm32f1xx_hal_rtc.o(i.RTC_EnterInitMode)
    RTC_EnterInitMode                        0x08001989   Thumb Code    52  stm32f1xx_hal_rtc.o(i.RTC_EnterInitMode)
    i.RTC_ExitInitMode                       0x080019bc   Section        0  stm32f1xx_hal_rtc.o(i.RTC_ExitInitMode)
    RTC_ExitInitMode                         0x080019bd   Thumb Code    54  stm32f1xx_hal_rtc.o(i.RTC_ExitInitMode)
    i.RTC_IRQHandler                         0x080019f4   Section        0  stm32f1xx_it.o(i.RTC_IRQHandler)
    i.RTC_ReadAlarmCounter                   0x08001a00   Section        0  stm32f1xx_hal_rtc.o(i.RTC_ReadAlarmCounter)
    RTC_ReadAlarmCounter                     0x08001a01   Thumb Code    14  stm32f1xx_hal_rtc.o(i.RTC_ReadAlarmCounter)
    i.RTC_ReadTimeCounter                    0x08001a0e   Section        0  stm32f1xx_hal_rtc.o(i.RTC_ReadTimeCounter)
    RTC_ReadTimeCounter                      0x08001a0f   Thumb Code    32  stm32f1xx_hal_rtc.o(i.RTC_ReadTimeCounter)
    i.RTC_SetAlarmAfterXsec                  0x08001a30   Section        0  main.o(i.RTC_SetAlarmAfterXsec)
    i.RTC_SetDate                            0x08001a7c   Section        0  main.o(i.RTC_SetDate)
    i.RTC_SetTime                            0x08001aa0   Section        0  main.o(i.RTC_SetTime)
    i.RTC_WeekDayNum                         0x08001ac4   Section        0  stm32f1xx_hal_rtc.o(i.RTC_WeekDayNum)
    RTC_WeekDayNum                           0x08001ac5   Thumb Code    86  stm32f1xx_hal_rtc.o(i.RTC_WeekDayNum)
    i.RTC_WriteAlarmCounter                  0x08001b1a   Section        0  stm32f1xx_hal_rtc.o(i.RTC_WriteAlarmCounter)
    RTC_WriteAlarmCounter                    0x08001b1b   Thumb Code    40  stm32f1xx_hal_rtc.o(i.RTC_WriteAlarmCounter)
    i.RTC_WriteTimeCounter                   0x08001b42   Section        0  stm32f1xx_hal_rtc.o(i.RTC_WriteTimeCounter)
    RTC_WriteTimeCounter                     0x08001b43   Thumb Code    40  stm32f1xx_hal_rtc.o(i.RTC_WriteTimeCounter)
    i.SD_store_String                        0x08001b6c   Section        0  sd_if.o(i.SD_store_String)
    i.SVC_Handler                            0x08001bc4   Section        0  stm32f1xx_it.o(i.SVC_Handler)
    i.SysTick_Handler                        0x08001bc6   Section        0  stm32f1xx_it.o(i.SysTick_Handler)
    i.SystemClock_Config                     0x08001bca   Section        0  main.o(i.SystemClock_Config)
    i.SystemInit                             0x08001c2c   Section        0  system_stm32f1xx.o(i.SystemInit)
    i.UART_SetConfig                         0x08001c74   Section        0  stm32f1xx_hal_uart.o(i.UART_SetConfig)
    UART_SetConfig                           0x08001c75   Thumb Code   364  stm32f1xx_hal_uart.o(i.UART_SetConfig)
    i.UART_WaitOnFlagUntilTimeout            0x08001de4   Section        0  stm32f1xx_hal_uart.o(i.UART_WaitOnFlagUntilTimeout)
    UART_WaitOnFlagUntilTimeout              0x08001de5   Thumb Code   100  stm32f1xx_hal_uart.o(i.UART_WaitOnFlagUntilTimeout)
    i.USER_initialize                        0x08001e48   Section        0  user_diskio.o(i.USER_initialize)
    i.USER_ioctl                             0x08001e58   Section        0  user_diskio.o(i.USER_ioctl)
    i.USER_read                              0x08001e5c   Section        0  user_diskio.o(i.USER_read)
    i.USER_status                            0x08001e60   Section        0  user_diskio.o(i.USER_status)
    i.USER_write                             0x08001e70   Section        0  user_diskio.o(i.USER_write)
    i.UsageFault_Handler                     0x08001e74   Section        0  stm32f1xx_it.o(i.UsageFault_Handler)
    i.__scatterload_copy                     0x08001e76   Section       14  handlers.o(i.__scatterload_copy)
    i.__scatterload_null                     0x08001e84   Section        2  handlers.o(i.__scatterload_null)
    i.__scatterload_zeroinit                 0x08001e86   Section       14  handlers.o(i.__scatterload_zeroinit)
    i.check_fs                               0x08001e94   Section        0  ff.o(i.check_fs)
    check_fs                                 0x08001e95   Thumb Code    90  ff.o(i.check_fs)
    i.chk_lock                               0x08001ef4   Section        0  ff.o(i.chk_lock)
    chk_lock                                 0x08001ef5   Thumb Code   102  ff.o(i.chk_lock)
    i.clear_lock                             0x08001f60   Section        0  ff.o(i.clear_lock)
    clear_lock                               0x08001f61   Thumb Code    32  ff.o(i.clear_lock)
    i.clmt_clust                             0x08001f84   Section        0  ff.o(i.clmt_clust)
    clmt_clust                               0x08001f85   Thumb Code    42  ff.o(i.clmt_clust)
    i.clust2sect                             0x08001fae   Section        0  ff.o(i.clust2sect)
    i.create_chain                           0x08001fcc   Section        0  ff.o(i.create_chain)
    create_chain                             0x08001fcd   Thumb Code   176  ff.o(i.create_chain)
    i.create_name                            0x0800207c   Section        0  ff.o(i.create_name)
    create_name                              0x0800207d   Thumb Code   234  ff.o(i.create_name)
    i.data_backup                            0x0800217c   Section        0  main.o(i.data_backup)
    i.data_restore                           0x080021b0   Section        0  main.o(i.data_restore)
    i.dec_lock                               0x08002200   Section        0  ff.o(i.dec_lock)
    dec_lock                                 0x08002201   Thumb Code    54  ff.o(i.dec_lock)
    i.dir_next                               0x0800223c   Section        0  ff.o(i.dir_next)
    dir_next                                 0x0800223d   Thumb Code   286  ff.o(i.dir_next)
    i.dir_register                           0x0800235a   Section        0  ff.o(i.dir_register)
    dir_register                             0x0800235b   Thumb Code   118  ff.o(i.dir_register)
    i.dir_sdi                                0x080023d0   Section        0  ff.o(i.dir_sdi)
    dir_sdi                                  0x080023d1   Thumb Code   152  ff.o(i.dir_sdi)
    i.disk_initialize                        0x08002468   Section        0  diskio.o(i.disk_initialize)
    i.disk_ioctl                             0x08002490   Section        0  diskio.o(i.disk_ioctl)
    i.disk_read                              0x080024ac   Section        0  diskio.o(i.disk_read)
    i.disk_status                            0x080024c8   Section        0  diskio.o(i.disk_status)
    i.disk_write                             0x080024e0   Section        0  diskio.o(i.disk_write)
    i.f_close                                0x080024fc   Section        0  ff.o(i.f_close)
    i.f_lseek                                0x08002528   Section        0  ff.o(i.f_lseek)
    i.f_mount                                0x080027ac   Section        0  ff.o(i.f_mount)
    i.f_open                                 0x08002808   Section        0  ff.o(i.f_open)
    i.f_puts                                 0x080029a8   Section        0  ff.o(i.f_puts)
    i.f_sync                                 0x080029ee   Section        0  ff.o(i.f_sync)
    i.f_write                                0x08002aa6   Section        0  ff.o(i.f_write)
    i.find_volume                            0x08002c7c   Section        0  ff.o(i.find_volume)
    find_volume                              0x08002c7d   Thumb Code   588  ff.o(i.find_volume)
    i.follow_path                            0x08002ed4   Section        0  ff.o(i.follow_path)
    follow_path                              0x08002ed5   Thumb Code   192  ff.o(i.follow_path)
    i.get_fat                                0x08002f94   Section        0  ff.o(i.get_fat)
    i.get_fattime                            0x08003056   Section        0  fatfs.o(i.get_fattime)
    i.get_ldnumber                           0x0800305a   Section        0  ff.o(i.get_ldnumber)
    get_ldnumber                             0x0800305b   Thumb Code    60  ff.o(i.get_ldnumber)
    i.inc_lock                               0x08003098   Section        0  ff.o(i.inc_lock)
    inc_lock                                 0x08003099   Thumb Code   154  ff.o(i.inc_lock)
    i.ld_clust                               0x08003138   Section        0  ff.o(i.ld_clust)
    ld_clust                                 0x08003139   Thumb Code    20  ff.o(i.ld_clust)
    i.main                                   0x0800314c   Section        0  main.o(i.main)
    i.mem_cpy                                0x080032a4   Section        0  ff.o(i.mem_cpy)
    mem_cpy                                  0x080032a5   Thumb Code    18  ff.o(i.mem_cpy)
    i.mem_set                                0x080032b6   Section        0  ff.o(i.mem_set)
    mem_set                                  0x080032b7   Thumb Code    14  ff.o(i.mem_set)
    i.move_window                            0x080032c4   Section        0  ff.o(i.move_window)
    move_window                              0x080032c5   Thumb Code    54  ff.o(i.move_window)
    i.power_down                             0x080032fc   Section        0  main.o(i.power_down)
    i.put_fat                                0x08003338   Section        0  ff.o(i.put_fat)
    i.putc_bfd                               0x08003430   Section        0  ff.o(i.putc_bfd)
    putc_bfd                                 0x08003431   Thumb Code    70  ff.o(i.putc_bfd)
    i.remove_chain                           0x08003476   Section        0  ff.o(i.remove_chain)
    remove_chain                             0x08003477   Thumb Code   110  ff.o(i.remove_chain)
    i.st_clust                               0x080034e4   Section        0  ff.o(i.st_clust)
    st_clust                                 0x080034e5   Thumb Code    16  ff.o(i.st_clust)
    i.sync_fs                                0x080034f4   Section        0  ff.o(i.sync_fs)
    sync_fs                                  0x080034f5   Thumb Code   182  ff.o(i.sync_fs)
    i.sync_window                            0x080035aa   Section        0  ff.o(i.sync_window)
    sync_window                              0x080035ab   Thumb Code    96  ff.o(i.sync_window)
    i.validate                               0x0800360a   Section        0  ff.o(i.validate)
    validate                                 0x0800360b   Thumb Code    44  ff.o(i.validate)
    .constdata                               0x08003636   Section       16  system_stm32f1xx.o(.constdata)
    .constdata                               0x08003646   Section        8  system_stm32f1xx.o(.constdata)
    .constdata                               0x0800364e   Section      172  ff.o(.constdata)
    ExCvt                                    0x0800364e   Data         128  ff.o(.constdata)
    vst                                      0x080036ce   Data          22  ff.o(.constdata)
    cst                                      0x080036e4   Data          22  ff.o(.constdata)
    .data                                    0x20000000   Section        4  main.o(.data)
    .data                                    0x20000004   Section        1  user_diskio.o(.data)
    Stat                                     0x20000004   Data           1  user_diskio.o(.data)
    .data                                    0x20000008   Section       20  user_diskio.o(.data)
    .data                                    0x2000001c   Section        5  fatfs.o(.data)
    .data                                    0x20000024   Section       12  stm32f1xx_hal.o(.data)
    .data                                    0x20000030   Section        4  system_stm32f1xx.o(.data)
    .data                                    0x20000034   Section        8  ff.o(.data)
    Fsid                                     0x20000034   Data           2  ff.o(.data)
    FatFs                                    0x20000038   Data           4  ff.o(.data)
    .bss                                     0x2000003c   Section      284  main.o(.bss)
    .bss                                     0x20000158   Section       24  ff.o(.bss)
    Files                                    0x20000158   Data          24  ff.o(.bss)
    .bss                                     0x20000170   Section       12  ff_gen_drv.o(.bss)
    .bss                                     0x2000017c   Section     1116  sd_if.o(.bss)
    STACK                                    0x200005d8   Section     1024  startup_stm32f103xb.o(STACK)

    Global Symbols

    Symbol Name                              Value     Ov Type        Size  Object(Section)

    BuildAttributes$$THM_ISAv4$P$D$K$B$S$PE$A:L22UL41UL21$X:L11$S22US41US21$IEEE1$IW$USESV6$~STKCKD$USESV7$~SHL$OSPACE$EBA8$MICROLIB$REQ8$PRES8$EABIv2 0x00000000   Number         0  anon$$obj.o ABSOLUTE
    __ARM_use_no_argv                        0x00000000   Number         0  main.o ABSOLUTE
    __cpp_initialize__aeabi_                  - Undefined Weak Reference
    __cxa_finalize                            - Undefined Weak Reference
    __decompress                              - Undefined Weak Reference
    _clock_init                               - Undefined Weak Reference
    _microlib_exit                            - Undefined Weak Reference
    __Vectors_Size                           0x000000ec   Number         0  startup_stm32f103xb.o ABSOLUTE
    __Vectors                                0x08000000   Data           4  startup_stm32f103xb.o(RESET)
    __Vectors_End                            0x080000ec   Data           0  startup_stm32f103xb.o(RESET)
    __main                                   0x080000ed   Thumb Code     0  entry.o(.ARM.Collect$$$$00000000)
    _main_stk                                0x080000ed   Thumb Code     0  entry2.o(.ARM.Collect$$$$00000001)
    _main_scatterload                        0x080000f1   Thumb Code     0  entry5.o(.ARM.Collect$$$$00000004)
    __main_after_scatterload                 0x080000f5   Thumb Code     0  entry5.o(.ARM.Collect$$$$00000004)
    _main_clock                              0x080000f5   Thumb Code     0  entry7b.o(.ARM.Collect$$$$00000008)
    _main_cpp_init                           0x080000f5   Thumb Code     0  entry8b.o(.ARM.Collect$$$$0000000A)
    _main_init                               0x080000f5   Thumb Code     0  entry9a.o(.ARM.Collect$$$$0000000B)
    __rt_final_cpp                           0x080000fd   Thumb Code     0  entry10a.o(.ARM.Collect$$$$0000000D)
    __rt_final_exit                          0x080000fd   Thumb Code     0  entry11a.o(.ARM.Collect$$$$0000000F)
    Reset_Handler                            0x08000101   Thumb Code     8  startup_stm32f103xb.o(.text)
    ADC1_2_IRQHandler                        0x0800011b   Thumb Code     0  startup_stm32f103xb.o(.text)
    CAN1_RX1_IRQHandler                      0x0800011b   Thumb Code     0  startup_stm32f103xb.o(.text)
    CAN1_SCE_IRQHandler                      0x0800011b   Thumb Code     0  startup_stm32f103xb.o(.text)
    DMA1_Channel1_IRQHandler                 0x0800011b   Thumb Code     0  startup_stm32f103xb.o(.text)
    DMA1_Channel2_IRQHandler                 0x0800011b   Thumb Code     0  startup_stm32f103xb.o(.text)
    DMA1_Channel3_IRQHandler                 0x0800011b   Thumb Code     0  startup_stm32f103xb.o(.text)
    DMA1_Channel4_IRQHandler                 0x0800011b   Thumb Code     0  startup_stm32f103xb.o(.text)
    DMA1_Channel5_IRQHandler                 0x0800011b   Thumb Code     0  startup_stm32f103xb.o(.text)
    DMA1_Channel6_IRQHandler                 0x0800011b   Thumb Code     0  startup_stm32f103xb.o(.text)
    DMA1_Channel7_IRQHandler                 0x0800011b   Thumb Code     0  startup_stm32f103xb.o(.text)
    EXTI0_IRQHandler                         0x0800011b   Thumb Code     0  startup_stm32f103xb.o(.text)
    EXTI15_10_IRQHandler                     0x0800011b   Thumb Code     0  startup_stm32f103xb.o(.text)
    EXTI1_IRQHandler                         0x0800011b   Thumb Code     0  startup_stm32f103xb.o(.text)
    EXTI2_IRQHandler                         0x0800011b   Thumb Code     0  startup_stm32f103xb.o(.text)
    EXTI3_IRQHandler                         0x0800011b   Thumb Code     0  startup_stm32f103xb.o(.text)
    EXTI4_IRQHandler                         0x0800011b   Thumb Code     0  startup_stm32f103xb.o(.text)
    EXTI9_5_IRQHandler                       0x0800011b   Thumb Code     0  startup_stm32f103xb.o(.text)
    FLASH_IRQHandler                         0x0800011b   Thumb Code     0  startup_stm32f103xb.o(.text)
    I2C1_ER_IRQHandler                       0x0800011b   Thumb Code     0  startup_stm32f103xb.o(.text)
    I2C1_EV_IRQHandler                       0x0800011b   Thumb Code     0  startup_stm32f103xb.o(.text)
    I2C2_ER_IRQHandler                       0x0800011b   Thumb Code     0  startup_stm32f103xb.o(.text)
    I2C2_EV_IRQHandler                       0x0800011b   Thumb Code     0  startup_stm32f103xb.o(.text)
    PVD_IRQHandler                           0x0800011b   Thumb Code     0  startup_stm32f103xb.o(.text)
    RCC_IRQHandler                           0x0800011b   Thumb Code     0  startup_stm32f103xb.o(.text)
    RTC_Alarm_IRQHandler                     0x0800011b   Thumb Code     0  startup_stm32f103xb.o(.text)
    SPI1_IRQHandler                          0x0800011b   Thumb Code     0  startup_stm32f103xb.o(.text)
    SPI2_IRQHandler                          0x0800011b   Thumb Code     0  startup_stm32f103xb.o(.text)
    TAMPER_IRQHandler                        0x0800011b   Thumb Code     0  startup_stm32f103xb.o(.text)
    TIM1_BRK_IRQHandler                      0x0800011b   Thumb Code     0  startup_stm32f103xb.o(.text)
    TIM1_CC_IRQHandler                       0x0800011b   Thumb Code     0  startup_stm32f103xb.o(.text)
    TIM1_TRG_COM_IRQHandler                  0x0800011b   Thumb Code     0  startup_stm32f103xb.o(.text)
    TIM1_UP_IRQHandler                       0x0800011b   Thumb Code     0  startup_stm32f103xb.o(.text)
    TIM2_IRQHandler                          0x0800011b   Thumb Code     0  startup_stm32f103xb.o(.text)
    TIM3_IRQHandler                          0x0800011b   Thumb Code     0  startup_stm32f103xb.o(.text)
    TIM4_IRQHandler                          0x0800011b   Thumb Code     0  startup_stm32f103xb.o(.text)
    USART1_IRQHandler                        0x0800011b   Thumb Code     0  startup_stm32f103xb.o(.text)
    USART2_IRQHandler                        0x0800011b   Thumb Code     0  startup_stm32f103xb.o(.text)
    USART3_IRQHandler                        0x0800011b   Thumb Code     0  startup_stm32f103xb.o(.text)
    USBWakeUp_IRQHandler                     0x0800011b   Thumb Code     0  startup_stm32f103xb.o(.text)
    USB_HP_CAN1_TX_IRQHandler                0x0800011b   Thumb Code     0  startup_stm32f103xb.o(.text)
    USB_LP_CAN1_RX0_IRQHandler               0x0800011b   Thumb Code     0  startup_stm32f103xb.o(.text)
    WWDG_IRQHandler                          0x0800011b   Thumb Code     0  startup_stm32f103xb.o(.text)
    __aeabi_memset                           0x08000125   Thumb Code    14  memseta.o(.text)
    __aeabi_memset4                          0x08000125   Thumb Code     0  memseta.o(.text)
    __aeabi_memset8                          0x08000125   Thumb Code     0  memseta.o(.text)
    __aeabi_memclr                           0x08000133   Thumb Code     4  memseta.o(.text)
    __aeabi_memclr4                          0x08000133   Thumb Code     0  memseta.o(.text)
    __aeabi_memclr8                          0x08000133   Thumb Code     0  memseta.o(.text)
    _memset$wrapper                          0x08000137   Thumb Code    18  memseta.o(.text)
    __scatterload                            0x08000149   Thumb Code    28  init.o(.text)
    __scatterload_rt2                        0x08000149   Thumb Code     0  init.o(.text)
    ADC_ConversionStop_Disable               0x0800016d   Thumb Code    76  stm32f1xx_hal_adc.o(i.ADC_ConversionStop_Disable)
    App_init                                 0x080001b9   Thumb Code    26  main.o(i.App_init)
    App_main                                 0x080001d5   Thumb Code    24  main.o(i.App_main)
    BusFault_Handler                         0x080001f5   Thumb Code     2  stm32f1xx_it.o(i.BusFault_Handler)
    DebugMon_Handler                         0x080001f7   Thumb Code     2  stm32f1xx_it.o(i.DebugMon_Handler)
    FATFS_LinkDriver                         0x080001f9   Thumb Code     6  ff_gen_drv.o(i.FATFS_LinkDriver)
    FATFS_LinkDriverEx                       0x08000201   Thumb Code    60  ff_gen_drv.o(i.FATFS_LinkDriverEx)
    HAL_ADC_ConfigChannel                    0x08000241   Thumb Code   240  stm32f1xx_hal_adc.o(i.HAL_ADC_ConfigChannel)
    HAL_ADC_Init                             0x0800033d   Thumb Code   272  stm32f1xx_hal_adc.o(i.HAL_ADC_Init)
    HAL_ADC_MspInit                          0x08000459   Thumb Code    76  stm32f1xx_hal_msp.o(i.HAL_ADC_MspInit)
    HAL_Delay                                0x080004b1   Thumb Code    32  stm32f1xx_hal.o(i.HAL_Delay)
    HAL_GPIO_Init                            0x080004d5   Thumb Code   408  stm32f1xx_hal_gpio.o(i.HAL_GPIO_Init)
    HAL_GPIO_WritePin                        0x08000691   Thumb Code    10  stm32f1xx_hal_gpio.o(i.HAL_GPIO_WritePin)
    HAL_GetTick                              0x0800069d   Thumb Code     6  stm32f1xx_hal.o(i.HAL_GetTick)
    HAL_IncTick                              0x080006a9   Thumb Code    12  stm32f1xx_hal.o(i.HAL_IncTick)
    HAL_Init                                 0x080006b9   Thumb Code    32  stm32f1xx_hal.o(i.HAL_Init)
    HAL_InitTick                             0x080006dd   Thumb Code    54  stm32f1xx_hal.o(i.HAL_InitTick)
    HAL_MspInit                              0x0800071d   Thumb Code    52  stm32f1xx_hal_msp.o(i.HAL_MspInit)
    HAL_NVIC_EnableIRQ                       0x08000759   Thumb Code    22  stm32f1xx_hal_cortex.o(i.HAL_NVIC_EnableIRQ)
    HAL_NVIC_SetPriority                     0x08000771   Thumb Code    60  stm32f1xx_hal_cortex.o(i.HAL_NVIC_SetPriority)
    HAL_NVIC_SetPriorityGrouping             0x080007b1   Thumb Code    26  stm32f1xx_hal_cortex.o(i.HAL_NVIC_SetPriorityGrouping)
    HAL_PWR_EnableBkUpAccess                 0x080007d5   Thumb Code     8  stm32f1xx_hal_pwr.o(i.HAL_PWR_EnableBkUpAccess)
    HAL_PWR_EnterSTANDBYMode                 0x080007e1   Thumb Code    24  stm32f1xx_hal_pwr.o(i.HAL_PWR_EnterSTANDBYMode)
    HAL_RCCEx_GetPeriphCLKFreq               0x08000801   Thumb Code   166  stm32f1xx_hal_rcc_ex.o(i.HAL_RCCEx_GetPeriphCLKFreq)
    HAL_RCCEx_PeriphCLKConfig                0x080008c9   Thumb Code   224  stm32f1xx_hal_rcc_ex.o(i.HAL_RCCEx_PeriphCLKConfig)
    HAL_RCC_ClockConfig                      0x080009b5   Thumb Code   346  stm32f1xx_hal_rcc.o(i.HAL_RCC_ClockConfig)
    HAL_RCC_GetPCLK1Freq                     0x08000b21   Thumb Code    20  stm32f1xx_hal_rcc.o(i.HAL_RCC_GetPCLK1Freq)
    HAL_RCC_GetPCLK2Freq                     0x08000b41   Thumb Code    20  stm32f1xx_hal_rcc.o(i.HAL_RCC_GetPCLK2Freq)
    HAL_RCC_GetSysClockFreq                  0x08000b61   Thumb Code    74  stm32f1xx_hal_rcc.o(i.HAL_RCC_GetSysClockFreq)
    HAL_RCC_OscConfig                        0x08000bcd   Thumb Code   750  stm32f1xx_hal_rcc.o(i.HAL_RCC_OscConfig)
    HAL_RTCEx_BKUPRead                       0x08000ed1   Thumb Code    10  stm32f1xx_hal_rtc_ex.o(i.HAL_RTCEx_BKUPRead)
    HAL_RTCEx_BKUPWrite                      0x08000ee1   Thumb Code    12  stm32f1xx_hal_rtc_ex.o(i.HAL_RTCEx_BKUPWrite)
    HAL_RTCEx_RTCEventCallback               0x08000ef1   Thumb Code     2  stm32f1xx_hal_rtc_ex.o(i.HAL_RTCEx_RTCEventCallback)
    HAL_RTCEx_RTCEventErrorCallback          0x08000ef3   Thumb Code     2  stm32f1xx_hal_rtc_ex.o(i.HAL_RTCEx_RTCEventErrorCallback)
    HAL_RTCEx_RTCIRQHandler                  0x08000ef5   Thumb Code    60  stm32f1xx_hal_rtc_ex.o(i.HAL_RTCEx_RTCIRQHandler)
    HAL_RTC_GetDate                          0x08000f31   Thumb Code    78  stm32f1xx_hal_rtc.o(i.HAL_RTC_GetDate)
    HAL_RTC_GetTime                          0x08000f7f   Thumb Code   216  stm32f1xx_hal_rtc.o(i.HAL_RTC_GetTime)
    HAL_RTC_Init                             0x08001059   Thumb Code   154  stm32f1xx_hal_rtc.o(i.HAL_RTC_Init)
    HAL_RTC_MspInit                          0x080010f9   Thumb Code    60  stm32f1xx_hal_msp.o(i.HAL_RTC_MspInit)
    HAL_RTC_SetAlarm_IT                      0x08001141   Thumb Code   224  stm32f1xx_hal_rtc.o(i.HAL_RTC_SetAlarm_IT)
    HAL_RTC_SetDate                          0x08001229   Thumb Code   192  stm32f1xx_hal_rtc.o(i.HAL_RTC_SetDate)
    HAL_RTC_SetTime                          0x080012ed   Thumb Code   168  stm32f1xx_hal_rtc.o(i.HAL_RTC_SetTime)
    HAL_RTC_WaitForSynchro                   0x08001399   Thumb Code    58  stm32f1xx_hal_rtc.o(i.HAL_RTC_WaitForSynchro)
    HAL_SPI_Init                             0x080013d3   Thumb Code   130  stm32f1xx_hal_spi_ex.o(i.HAL_SPI_Init)
    HAL_SPI_MspInit                          0x08001455   Thumb Code   112  stm32f1xx_hal_msp.o(i.HAL_SPI_MspInit)
    HAL_SYSTICK_Config                       0x080014d5   Thumb Code    40  stm32f1xx_hal_cortex.o(i.HAL_SYSTICK_Config)
    HAL_UART_Init                            0x080014fd   Thumb Code    98  stm32f1xx_hal_uart.o(i.HAL_UART_Init)
    HAL_UART_MspInit                         0x08001561   Thumb Code   156  stm32f1xx_hal_msp.o(i.HAL_UART_MspInit)
    HAL_UART_Transmit                        0x0800160d   Thumb Code   186  stm32f1xx_hal_uart.o(i.HAL_UART_Transmit)
    HardFault_Handler                        0x080016c7   Thumb Code     2  stm32f1xx_it.o(i.HardFault_Handler)
    MX_FATFS_Init                            0x08001709   Thumb Code    18  fatfs.o(i.MX_FATFS_Init)
    MemManage_Handler                        0x0800188d   Thumb Code     2  stm32f1xx_it.o(i.MemManage_Handler)
    NMI_Handler                              0x0800188f   Thumb Code     2  stm32f1xx_it.o(i.NMI_Handler)
    PendSV_Handler                           0x080018b1   Thumb Code     2  stm32f1xx_it.o(i.PendSV_Handler)
    RTC_IRQHandler                           0x080019f5   Thumb Code     6  stm32f1xx_it.o(i.RTC_IRQHandler)
    RTC_SetAlarmAfterXsec                    0x08001a31   Thumb Code    70  main.o(i.RTC_SetAlarmAfterXsec)
    RTC_SetDate                              0x08001a7d   Thumb Code    30  main.o(i.RTC_SetDate)
    RTC_SetTime                              0x08001aa1   Thumb Code    30  main.o(i.RTC_SetTime)
    SD_store_String                          0x08001b6d   Thumb Code    76  sd_if.o(i.SD_store_String)
    SVC_Handler                              0x08001bc5   Thumb Code     2  stm32f1xx_it.o(i.SVC_Handler)
    SysTick_Handler                          0x08001bc7   Thumb Code     4  stm32f1xx_it.o(i.SysTick_Handler)
    SystemClock_Config                       0x08001bcb   Thumb Code    96  main.o(i.SystemClock_Config)
    SystemInit                               0x08001c2d   Thumb Code    56  system_stm32f1xx.o(i.SystemInit)
    USER_initialize                          0x08001e49   Thumb Code    10  user_diskio.o(i.USER_initialize)
    USER_ioctl                               0x08001e59   Thumb Code     4  user_diskio.o(i.USER_ioctl)
    USER_read                                0x08001e5d   Thumb Code     4  user_diskio.o(i.USER_read)
    USER_status                              0x08001e61   Thumb Code    10  user_diskio.o(i.USER_status)
    USER_write                               0x08001e71   Thumb Code     4  user_diskio.o(i.USER_write)
    UsageFault_Handler                       0x08001e75   Thumb Code     2  stm32f1xx_it.o(i.UsageFault_Handler)
    __scatterload_copy                       0x08001e77   Thumb Code    14  handlers.o(i.__scatterload_copy)
    __scatterload_null                       0x08001e85   Thumb Code     2  handlers.o(i.__scatterload_null)
    __scatterload_zeroinit                   0x08001e87   Thumb Code    14  handlers.o(i.__scatterload_zeroinit)
    clust2sect                               0x08001faf   Thumb Code    30  ff.o(i.clust2sect)
    data_backup                              0x0800217d   Thumb Code    40  main.o(i.data_backup)
    data_restore                             0x080021b1   Thumb Code    62  main.o(i.data_restore)
    disk_initialize                          0x08002469   Thumb Code    36  diskio.o(i.disk_initialize)
    disk_ioctl                               0x08002491   Thumb Code    24  diskio.o(i.disk_ioctl)
    disk_read                                0x080024ad   Thumb Code    24  diskio.o(i.disk_read)
    disk_status                              0x080024c9   Thumb Code    18  diskio.o(i.disk_status)
    disk_write                               0x080024e1   Thumb Code    24  diskio.o(i.disk_write)
    f_close                                  0x080024fd   Thumb Code    42  ff.o(i.f_close)
    f_lseek                                  0x08002529   Thumb Code   644  ff.o(i.f_lseek)
    f_mount                                  0x080027ad   Thumb Code    88  ff.o(i.f_mount)
    f_open                                   0x08002809   Thumb Code   412  ff.o(i.f_open)
    f_puts                                   0x080029a9   Thumb Code    70  ff.o(i.f_puts)
    f_sync                                   0x080029ef   Thumb Code   184  ff.o(i.f_sync)
    f_write                                  0x08002aa7   Thumb Code   470  ff.o(i.f_write)
    get_fat                                  0x08002f95   Thumb Code   194  ff.o(i.get_fat)
    get_fattime                              0x08003057   Thumb Code     4  fatfs.o(i.get_fattime)
    main                                     0x0800314d   Thumb Code   226  main.o(i.main)
    power_down                               0x080032fd   Thumb Code    42  main.o(i.power_down)
    put_fat                                  0x08003339   Thumb Code   248  ff.o(i.put_fat)
    AHBPrescTable                            0x08003636   Data          16  system_stm32f1xx.o(.constdata)
    APBPrescTable                            0x08003646   Data           8  system_stm32f1xx.o(.constdata)
    Region$$Table$$Base                      0x080036fc   Number         0  anon$$obj.o(Region$$Table)
    Region$$Table$$Limit                     0x0800371c   Number         0  anon$$obj.o(Region$$Table)
    sdatestructure                           0x20000000   Data           4  main.o(.data)
    USER_Driver                              0x20000008   Data          20  user_diskio.o(.data)
    retUSER                                  0x2000001c   Data           1  fatfs.o(.data)
    USERPath                                 0x2000001d   Data           4  fatfs.o(.data)
    uwTickFreq                               0x20000024   Data           1  stm32f1xx_hal.o(.data)
    uwTickPrio                               0x20000028   Data           4  stm32f1xx_hal.o(.data)
    uwTick                                   0x2000002c   Data           4  stm32f1xx_hal.o(.data)
    SystemCoreClock                          0x20000030   Data           4  system_stm32f1xx.o(.data)
    hadc1                                    0x2000003c   Data          48  main.o(.bss)
    hrtc                                     0x2000006c   Data          20  main.o(.bss)
    hspi1                                    0x20000080   Data          88  main.o(.bss)
    huart1                                   0x200000d8   Data          64  main.o(.bss)
    huart2                                   0x20000118   Data          64  main.o(.bss)
    disk                                     0x20000170   Data          12  ff_gen_drv.o(.bss)
    fs                                       0x2000017c   Data         560  sd_if.o(.bss)
    fil                                      0x200003ac   Data         556  sd_if.o(.bss)
    __initial_sp                             0x200009d8   Data           0  startup_stm32f103xb.o(STACK)



==============================================================================

Memory Map of the image

  Image Entry point : 0x080000ed

  Load Region LR_IROM1 (Base: 0x08000000, Size: 0x00003758, Max: 0x00010000, ABSOLUTE)

    Execution Region ER_IROM1 (Exec base: 0x08000000, Load base: 0x08000000, Size: 0x0000371c, Max: 0x00010000, ABSOLUTE)

    Exec Addr    Load Addr    Size         Type   Attr      Idx    E Section Name        Object

    0x08000000   0x08000000   0x000000ec   Data   RO            3    RESET               startup_stm32f103xb.o
    0x080000ec   0x080000ec   0x00000000   Code   RO         3450  * .ARM.Collect$$$$00000000  mc_w.l(entry.o)
    0x080000ec   0x080000ec   0x00000004   Code   RO         3463    .ARM.Collect$$$$00000001  mc_w.l(entry2.o)
    0x080000f0   0x080000f0   0x00000004   Code   RO         3466    .ARM.Collect$$$$00000004  mc_w.l(entry5.o)
    0x080000f4   0x080000f4   0x00000000   Code   RO         3468    .ARM.Collect$$$$00000008  mc_w.l(entry7b.o)
    0x080000f4   0x080000f4   0x00000000   Code   RO         3470    .ARM.Collect$$$$0000000A  mc_w.l(entry8b.o)
    0x080000f4   0x080000f4   0x00000008   Code   RO         3471    .ARM.Collect$$$$0000000B  mc_w.l(entry9a.o)
    0x080000fc   0x080000fc   0x00000000   Code   RO         3473    .ARM.Collect$$$$0000000D  mc_w.l(entry10a.o)
    0x080000fc   0x080000fc   0x00000000   Code   RO         3475    .ARM.Collect$$$$0000000F  mc_w.l(entry11a.o)
    0x080000fc   0x080000fc   0x00000004   Code   RO         3464    .ARM.Collect$$$$00002712  mc_w.l(entry2.o)
    0x08000100   0x08000100   0x00000024   Code   RO            4    .text               startup_stm32f103xb.o
    0x08000124   0x08000124   0x00000024   Code   RO         3457    .text               mc_w.l(memseta.o)
    0x08000148   0x08000148   0x00000024   Code   RO         3477    .text               mc_w.l(init.o)
    0x0800016c   0x0800016c   0x0000004c   Code   RO          567    i.ADC_ConversionStop_Disable  stm32f1xx_hal_adc.o
    0x080001b8   0x080001b8   0x0000001a   Code   RO           13    i.App_init          main.o
    0x080001d2   0x080001d2   0x00000002   PAD
    0x080001d4   0x080001d4   0x00000020   Code   RO           14    i.App_main          main.o
    0x080001f4   0x080001f4   0x00000002   Code   RO          356    i.BusFault_Handler  stm32f1xx_it.o
    0x080001f6   0x080001f6   0x00000002   Code   RO          357    i.DebugMon_Handler  stm32f1xx_it.o
    0x080001f8   0x080001f8   0x00000006   Code   RO         3336    i.FATFS_LinkDriver  ff_gen_drv.o
    0x080001fe   0x080001fe   0x00000002   PAD
    0x08000200   0x08000200   0x00000040   Code   RO         3337    i.FATFS_LinkDriverEx  ff_gen_drv.o
    0x08000240   0x08000240   0x000000fc   Code   RO          573    i.HAL_ADC_ConfigChannel  stm32f1xx_hal_adc.o
    0x0800033c   0x0800033c   0x0000011c   Code   RO          582    i.HAL_ADC_Init      stm32f1xx_hal_adc.o
    0x08000458   0x08000458   0x00000058   Code   RO          439    i.HAL_ADC_MspInit   stm32f1xx_hal_msp.o
    0x080004b0   0x080004b0   0x00000024   Code   RO         1831    i.HAL_Delay         stm32f1xx_hal.o
    0x080004d4   0x080004d4   0x000001bc   Code   RO         2127    i.HAL_GPIO_Init     stm32f1xx_hal_gpio.o
    0x08000690   0x08000690   0x0000000a   Code   RO         2131    i.HAL_GPIO_WritePin  stm32f1xx_hal_gpio.o
    0x0800069a   0x0800069a   0x00000002   PAD
    0x0800069c   0x0800069c   0x0000000c   Code   RO         1835    i.HAL_GetTick       stm32f1xx_hal.o
    0x080006a8   0x080006a8   0x00000010   Code   RO         1839    i.HAL_IncTick       stm32f1xx_hal.o
    0x080006b8   0x080006b8   0x00000024   Code   RO         1840    i.HAL_Init          stm32f1xx_hal.o
    0x080006dc   0x080006dc   0x00000040   Code   RO         1841    i.HAL_InitTick      stm32f1xx_hal.o
    0x0800071c   0x0800071c   0x0000003c   Code   RO          440    i.HAL_MspInit       stm32f1xx_hal_msp.o
    0x08000758   0x08000758   0x00000016   Code   RO         2287    i.HAL_NVIC_EnableIRQ  stm32f1xx_hal_cortex.o
    0x0800076e   0x0800076e   0x00000002   PAD
    0x08000770   0x08000770   0x00000040   Code   RO         2293    i.HAL_NVIC_SetPriority  stm32f1xx_hal_cortex.o
    0x080007b0   0x080007b0   0x00000024   Code   RO         2294    i.HAL_NVIC_SetPriorityGrouping  stm32f1xx_hal_cortex.o
    0x080007d4   0x080007d4   0x0000000c   Code   RO         2409    i.HAL_PWR_EnableBkUpAccess  stm32f1xx_hal_pwr.o
    0x080007e0   0x080007e0   0x00000020   Code   RO         2415    i.HAL_PWR_EnterSTANDBYMode  stm32f1xx_hal_pwr.o
    0x08000800   0x08000800   0x000000c8   Code   RO         2089    i.HAL_RCCEx_GetPeriphCLKFreq  stm32f1xx_hal_rcc_ex.o
    0x080008c8   0x080008c8   0x000000ec   Code   RO         2090    i.HAL_RCCEx_PeriphCLKConfig  stm32f1xx_hal_rcc_ex.o
    0x080009b4   0x080009b4   0x0000016c   Code   RO         1987    i.HAL_RCC_ClockConfig  stm32f1xx_hal_rcc.o
    0x08000b20   0x08000b20   0x00000020   Code   RO         1994    i.HAL_RCC_GetPCLK1Freq  stm32f1xx_hal_rcc.o
    0x08000b40   0x08000b40   0x00000020   Code   RO         1995    i.HAL_RCC_GetPCLK2Freq  stm32f1xx_hal_rcc.o
    0x08000b60   0x08000b60   0x0000006c   Code   RO         1996    i.HAL_RCC_GetSysClockFreq  stm32f1xx_hal_rcc.o
    0x08000bcc   0x08000bcc   0x00000304   Code   RO         1999    i.HAL_RCC_OscConfig  stm32f1xx_hal_rcc.o
    0x08000ed0   0x08000ed0   0x00000010   Code   RO         1013    i.HAL_RTCEx_BKUPRead  stm32f1xx_hal_rtc_ex.o
    0x08000ee0   0x08000ee0   0x00000010   Code   RO         1014    i.HAL_RTCEx_BKUPWrite  stm32f1xx_hal_rtc_ex.o
    0x08000ef0   0x08000ef0   0x00000002   Code   RO         1018    i.HAL_RTCEx_RTCEventCallback  stm32f1xx_hal_rtc_ex.o
    0x08000ef2   0x08000ef2   0x00000002   Code   RO         1019    i.HAL_RTCEx_RTCEventErrorCallback  stm32f1xx_hal_rtc_ex.o
    0x08000ef4   0x08000ef4   0x0000003c   Code   RO         1020    i.HAL_RTCEx_RTCIRQHandler  stm32f1xx_hal_rtc_ex.o
    0x08000f30   0x08000f30   0x0000004e   Code   RO          848    i.HAL_RTC_GetDate   stm32f1xx_hal_rtc.o
    0x08000f7e   0x08000f7e   0x000000d8   Code   RO          850    i.HAL_RTC_GetTime   stm32f1xx_hal_rtc.o
    0x08001056   0x08001056   0x00000002   PAD
    0x08001058   0x08001058   0x000000a0   Code   RO          851    i.HAL_RTC_Init      stm32f1xx_hal_rtc.o
    0x080010f8   0x080010f8   0x00000048   Code   RO          442    i.HAL_RTC_MspInit   stm32f1xx_hal_msp.o
    0x08001140   0x08001140   0x000000e8   Code   RO          856    i.HAL_RTC_SetAlarm_IT  stm32f1xx_hal_rtc.o
    0x08001228   0x08001228   0x000000c4   Code   RO          857    i.HAL_RTC_SetDate   stm32f1xx_hal_rtc.o
    0x080012ec   0x080012ec   0x000000ac   Code   RO          858    i.HAL_RTC_SetTime   stm32f1xx_hal_rtc.o
    0x08001398   0x08001398   0x0000003a   Code   RO          859    i.HAL_RTC_WaitForSynchro  stm32f1xx_hal_rtc.o
    0x080013d2   0x080013d2   0x00000082   Code   RO         1438    i.HAL_SPI_Init      stm32f1xx_hal_spi_ex.o
    0x08001454   0x08001454   0x00000080   Code   RO          444    i.HAL_SPI_MspInit   stm32f1xx_hal_msp.o
    0x080014d4   0x080014d4   0x00000028   Code   RO         2298    i.HAL_SYSTICK_Config  stm32f1xx_hal_cortex.o
    0x080014fc   0x080014fc   0x00000062   Code   RO         1523    i.HAL_UART_Init     stm32f1xx_hal_uart.o
    0x0800155e   0x0800155e   0x00000002   PAD
    0x08001560   0x08001560   0x000000ac   Code   RO          446    i.HAL_UART_MspInit  stm32f1xx_hal_msp.o
    0x0800160c   0x0800160c   0x000000ba   Code   RO         1531    i.HAL_UART_Transmit  stm32f1xx_hal_uart.o
    0x080016c6   0x080016c6   0x00000002   Code   RO          358    i.HardFault_Handler  stm32f1xx_it.o
    0x080016c8   0x080016c8   0x00000040   Code   RO           16    i.MX_ADC1_Init      main.o
    0x08001708   0x08001708   0x0000001c   Code   RO          318    i.MX_FATFS_Init     fatfs.o
    0x08001724   0x08001724   0x000000e0   Code   RO           17    i.MX_GPIO_Init      main.o
    0x08001804   0x08001804   0x00000054   Code   RO           18    i.MX_RTC_Init       main.o
    0x08001858   0x08001858   0x00000034   Code   RO           19    i.MX_SPI1_Init      main.o
    0x0800188c   0x0800188c   0x00000002   Code   RO          359    i.MemManage_Handler  stm32f1xx_it.o
    0x0800188e   0x0800188e   0x00000002   Code   RO          360    i.NMI_Handler       stm32f1xx_it.o
    0x08001890   0x08001890   0x00000020   Code   RO         2300    i.NVIC_SetPriority  stm32f1xx_hal_cortex.o
    0x080018b0   0x080018b0   0x00000002   Code   RO          361    i.PendSV_Handler    stm32f1xx_it.o
    0x080018b2   0x080018b2   0x00000012   Code   RO          860    i.RTC_Bcd2ToByte    stm32f1xx_hal_rtc.o
    0x080018c4   0x080018c4   0x00000016   Code   RO          861    i.RTC_ByteToBcd2    stm32f1xx_hal_rtc.o
    0x080018da   0x080018da   0x000000ae   Code   RO          862    i.RTC_DateUpdate    stm32f1xx_hal_rtc.o
    0x08001988   0x08001988   0x00000034   Code   RO          863    i.RTC_EnterInitMode  stm32f1xx_hal_rtc.o
    0x080019bc   0x080019bc   0x00000036   Code   RO          864    i.RTC_ExitInitMode  stm32f1xx_hal_rtc.o
    0x080019f2   0x080019f2   0x00000002   PAD
    0x080019f4   0x080019f4   0x0000000c   Code   RO          362    i.RTC_IRQHandler    stm32f1xx_it.o
    0x08001a00   0x08001a00   0x0000000e   Code   RO          865    i.RTC_ReadAlarmCounter  stm32f1xx_hal_rtc.o
    0x08001a0e   0x08001a0e   0x00000020   Code   RO          866    i.RTC_ReadTimeCounter  stm32f1xx_hal_rtc.o
    0x08001a2e   0x08001a2e   0x00000002   PAD
    0x08001a30   0x08001a30   0x0000004c   Code   RO           21    i.RTC_SetAlarmAfterXsec  main.o
    0x08001a7c   0x08001a7c   0x00000024   Code   RO           23    i.RTC_SetDate       main.o
    0x08001aa0   0x08001aa0   0x00000024   Code   RO           24    i.RTC_SetTime       main.o
    0x08001ac4   0x08001ac4   0x00000056   Code   RO          867    i.RTC_WeekDayNum    stm32f1xx_hal_rtc.o
    0x08001b1a   0x08001b1a   0x00000028   Code   RO          868    i.RTC_WriteAlarmCounter  stm32f1xx_hal_rtc.o
    0x08001b42   0x08001b42   0x00000028   Code   RO          869    i.RTC_WriteTimeCounter  stm32f1xx_hal_rtc.o
    0x08001b6a   0x08001b6a   0x00000002   PAD
    0x08001b6c   0x08001b6c   0x00000058   Code   RO         3417    i.SD_store_String   sd_if.o
    0x08001bc4   0x08001bc4   0x00000002   Code   RO          363    i.SVC_Handler       stm32f1xx_it.o
    0x08001bc6   0x08001bc6   0x00000004   Code   RO          364    i.SysTick_Handler   stm32f1xx_it.o
    0x08001bca   0x08001bca   0x00000060   Code   RO           25    i.SystemClock_Config  main.o
    0x08001c2a   0x08001c2a   0x00000002   PAD
    0x08001c2c   0x08001c2c   0x00000048   Code   RO         2716    i.SystemInit        system_stm32f1xx.o
    0x08001c74   0x08001c74   0x00000170   Code   RO         1549    i.UART_SetConfig    stm32f1xx_hal_uart.o
    0x08001de4   0x08001de4   0x00000064   Code   RO         1551    i.UART_WaitOnFlagUntilTimeout  stm32f1xx_hal_uart.o
    0x08001e48   0x08001e48   0x00000010   Code   RO          259    i.USER_initialize   user_diskio.o
    0x08001e58   0x08001e58   0x00000004   Code   RO          260    i.USER_ioctl        user_diskio.o
    0x08001e5c   0x08001e5c   0x00000004   Code   RO          261    i.USER_read         user_diskio.o
    0x08001e60   0x08001e60   0x00000010   Code   RO          262    i.USER_status       user_diskio.o
    0x08001e70   0x08001e70   0x00000004   Code   RO          263    i.USER_write        user_diskio.o
    0x08001e74   0x08001e74   0x00000002   Code   RO          365    i.UsageFault_Handler  stm32f1xx_it.o
    0x08001e76   0x08001e76   0x0000000e   Code   RO         3481    i.__scatterload_copy  mc_w.l(handlers.o)
    0x08001e84   0x08001e84   0x00000002   Code   RO         3482    i.__scatterload_null  mc_w.l(handlers.o)
    0x08001e86   0x08001e86   0x0000000e   Code   RO         3483    i.__scatterload_zeroinit  mc_w.l(handlers.o)
    0x08001e94   0x08001e94   0x00000060   Code   RO         3015    i.check_fs          ff.o
    0x08001ef4   0x08001ef4   0x0000006c   Code   RO         3016    i.chk_lock          ff.o
    0x08001f60   0x08001f60   0x00000024   Code   RO         3017    i.clear_lock        ff.o
    0x08001f84   0x08001f84   0x0000002a   Code   RO         3018    i.clmt_clust        ff.o
    0x08001fae   0x08001fae   0x0000001e   Code   RO         3019    i.clust2sect        ff.o
    0x08001fcc   0x08001fcc   0x000000b0   Code   RO         3020    i.create_chain      ff.o
    0x0800207c   0x0800207c   0x00000100   Code   RO         3021    i.create_name       ff.o
    0x0800217c   0x0800217c   0x00000034   Code   RO           26    i.data_backup       main.o
    0x080021b0   0x080021b0   0x00000050   Code   RO           27    i.data_restore      main.o
    0x08002200   0x08002200   0x0000003c   Code   RO         3022    i.dec_lock          ff.o
    0x0800223c   0x0800223c   0x0000011e   Code   RO         3023    i.dir_next          ff.o
    0x0800235a   0x0800235a   0x00000076   Code   RO         3025    i.dir_register      ff.o
    0x080023d0   0x080023d0   0x00000098   Code   RO         3027    i.dir_sdi           ff.o
    0x08002468   0x08002468   0x00000028   Code   RO         2960    i.disk_initialize   diskio.o
    0x08002490   0x08002490   0x0000001c   Code   RO         2961    i.disk_ioctl        diskio.o
    0x080024ac   0x080024ac   0x0000001c   Code   RO         2962    i.disk_read         diskio.o
    0x080024c8   0x080024c8   0x00000018   Code   RO         2963    i.disk_status       diskio.o
    0x080024e0   0x080024e0   0x0000001c   Code   RO         2964    i.disk_write        diskio.o
    0x080024fc   0x080024fc   0x0000002a   Code   RO         3029    i.f_close           ff.o
    0x08002526   0x08002526   0x00000002   PAD
    0x08002528   0x08002528   0x00000284   Code   RO         3033    i.f_lseek           ff.o
    0x080027ac   0x080027ac   0x0000005c   Code   RO         3036    i.f_mount           ff.o
    0x08002808   0x08002808   0x000001a0   Code   RO         3037    i.f_open            ff.o
    0x080029a8   0x080029a8   0x00000046   Code   RO         3041    i.f_puts            ff.o
    0x080029ee   0x080029ee   0x000000b8   Code   RO         3046    i.f_sync            ff.o
    0x08002aa6   0x08002aa6   0x000001d6   Code   RO         3050    i.f_write           ff.o
    0x08002c7c   0x08002c7c   0x00000258   Code   RO         3051    i.find_volume       ff.o
    0x08002ed4   0x08002ed4   0x000000c0   Code   RO         3052    i.follow_path       ff.o
    0x08002f94   0x08002f94   0x000000c2   Code   RO         3053    i.get_fat           ff.o
    0x08003056   0x08003056   0x00000004   Code   RO          319    i.get_fattime       fatfs.o
    0x0800305a   0x0800305a   0x0000003c   Code   RO         3055    i.get_ldnumber      ff.o
    0x08003096   0x08003096   0x00000002   PAD
    0x08003098   0x08003098   0x000000a0   Code   RO         3056    i.inc_lock          ff.o
    0x08003138   0x08003138   0x00000014   Code   RO         3057    i.ld_clust          ff.o
    0x0800314c   0x0800314c   0x00000158   Code   RO           28    i.main              main.o
    0x080032a4   0x080032a4   0x00000012   Code   RO         3058    i.mem_cpy           ff.o
    0x080032b6   0x080032b6   0x0000000e   Code   RO         3059    i.mem_set           ff.o
    0x080032c4   0x080032c4   0x00000036   Code   RO         3060    i.move_window       ff.o
    0x080032fa   0x080032fa   0x00000002   PAD
    0x080032fc   0x080032fc   0x0000003c   Code   RO           29    i.power_down        main.o
    0x08003338   0x08003338   0x000000f8   Code   RO         3061    i.put_fat           ff.o
    0x08003430   0x08003430   0x00000046   Code   RO         3062    i.putc_bfd          ff.o
    0x08003476   0x08003476   0x0000006e   Code   RO         3063    i.remove_chain      ff.o
    0x080034e4   0x080034e4   0x00000010   Code   RO         3064    i.st_clust          ff.o
    0x080034f4   0x080034f4   0x000000b6   Code   RO         3065    i.sync_fs           ff.o
    0x080035aa   0x080035aa   0x00000060   Code   RO         3066    i.sync_window       ff.o
    0x0800360a   0x0800360a   0x0000002c   Code   RO         3067    i.validate          ff.o
    0x08003636   0x08003636   0x00000010   Data   RO         2717    .constdata          system_stm32f1xx.o
    0x08003646   0x08003646   0x00000008   Data   RO         2718    .constdata          system_stm32f1xx.o
    0x0800364e   0x0800364e   0x000000ac   Data   RO         3069    .constdata          ff.o
    0x080036fa   0x080036fa   0x00000002   PAD
    0x080036fc   0x080036fc   0x00000020   Data   RO         3479    Region$$Table       anon$$obj.o


    Execution Region RW_IRAM1 (Exec base: 0x20000000, Load base: 0x0800371c, Size: 0x000009d8, Max: 0x00005000, ABSOLUTE)

    Exec Addr    Load Addr    Size         Type   Attr      Idx    E Section Name        Object

    0x20000000   0x0800371c   0x00000004   Data   RW           31    .data               main.o
    0x20000004   0x08003720   0x00000001   Data   RW          264    .data               user_diskio.o
    0x20000005   0x08003721   0x00000003   PAD
    0x20000008   0x08003724   0x00000014   Data   RW          265    .data               user_diskio.o
    0x2000001c   0x08003738   0x00000005   Data   RW          322    .data               fatfs.o
    0x20000021   0x0800373d   0x00000003   PAD
    0x20000024   0x08003740   0x0000000c   Data   RW         1847    .data               stm32f1xx_hal.o
    0x20000030   0x0800374c   0x00000004   Data   RW         2719    .data               system_stm32f1xx.o
    0x20000034   0x08003750   0x00000008   Data   RW         3070    .data               ff.o
    0x2000003c        -       0x0000011c   Zero   RW           30    .bss                main.o
    0x20000158        -       0x00000018   Zero   RW         3068    .bss                ff.o
    0x20000170        -       0x0000000c   Zero   RW         3340    .bss                ff_gen_drv.o
    0x2000017c        -       0x0000045c   Zero   RW         3418    .bss                sd_if.o
    0x200005d8        -       0x00000400   Zero   RW            1    STACK               startup_stm32f103xb.o


==============================================================================

Image component sizes


      Code (inc. data)   RO Data    RW Data    ZI Data      Debug   Object Name

       148         22          0          0          0       3697   diskio.o
        32         10          0          5          0       1524   fatfs.o
      5356         70        172          8         24      35477   ff.o
        70          4          0          0         12       1639   ff_gen_drv.o
      1262        232          0          4        284     446164   main.o
        88         12          0          0       1116       1484   sd_if.o
        36          8        236          0       1024        824   startup_stm32f103xb.o
       164         28          0         12          0       6057   stm32f1xx_hal.o
       612         24          0          0          0       3368   stm32f1xx_hal_adc.o
       194         14          0          0          0      25867   stm32f1xx_hal_cortex.o
       454         36          0          0          0       2944   stm32f1xx_hal_gpio.o
       520         64          0          0          0       3743   stm32f1xx_hal_msp.o
        44         12          0          0          0       1074   stm32f1xx_hal_pwr.o
      1308         98          0          0          0       5340   stm32f1xx_hal_rcc.o
       436         46          0          0          0       2593   stm32f1xx_hal_rcc_ex.o
      1644         22          0          0          0      14094   stm32f1xx_hal_rtc.o
        96         10          0          0          0       3468   stm32f1xx_hal_rtc_ex.o
       130          0          0          0          0       1103   stm32f1xx_hal_spi_ex.o
       752          4          0          0          0       4012   stm32f1xx_hal_uart.o
        32          6          0          0          0       4415   stm32f1xx_it.o
        72         16         24          4          0       1219   system_stm32f1xx.o
        44         12          0         21          0       3124   user_diskio.o

    ----------------------------------------------------------------------
     13520        750        466         60       2460     573230   Object Totals
         0          0         32          0          0          0   (incl. Generated)
        26          0          2          6          0          0   (incl. Padding)

    ----------------------------------------------------------------------

      Code (inc. data)   RO Data    RW Data    ZI Data      Debug   Library Member Name

         0          0          0          0          0          0   entry.o
         0          0          0          0          0          0   entry10a.o
         0          0          0          0          0          0   entry11a.o
         8          4          0          0          0          0   entry2.o
         4          0          0          0          0          0   entry5.o
         0          0          0          0          0          0   entry7b.o
         0          0          0          0          0          0   entry8b.o
         8          4          0          0          0          0   entry9a.o
        30          0          0          0          0          0   handlers.o
        36          8          0          0          0         68   init.o
        36          0          0          0          0        108   memseta.o

    ----------------------------------------------------------------------
       122         16          0          0          0        176   Library Totals
         0          0          0          0          0          0   (incl. Padding)

    ----------------------------------------------------------------------

      Code (inc. data)   RO Data    RW Data    ZI Data      Debug   Library Name

       122         16          0          0          0        176   mc_w.l

    ----------------------------------------------------------------------
       122         16          0          0          0        176   Library Totals

    ----------------------------------------------------------------------

==============================================================================


      Code (inc. data)   RO Data    RW Data    ZI Data      Debug   

     13642        766        466         60       2460     567110   Grand Totals
     13642        766        466         60       2460     567110   ELF Image Totals
     13642        766        466         60          0          0   ROM Totals

==============================================================================

    Total RO  Size (Code + RO Data)                14108 (  13.78kB)
    Total RW  Size (RW Data + ZI Data)              2520 (   2.46kB)
    Total ROM Size (Code + RO Data + RW Data)      14168 (  13.84kB)

==============================================================================

