<html>
<body>
<pre>
<h1>µVision Build Log</h1>
<h2>Tool Versions:</h2>
IDE-Version: µVision V5.27.1.0
Copyright (C) 2019 ARM Ltd and ARM Germany GmbH. All rights reserved.
License Information: Islam Eso, i350, LIC=----
 
Tool Versions:
Toolchain:       MDK-Lite  Version: 5.27.1.0
Toolchain Path:  C:\Keil_v5\ARM\ARMCC\Bin
C Compiler:      Armcc.exe V5.06 update 6 (build 750)
Assembler:       Armasm.exe V5.06 update 6 (build 750)
Linker/Locator:  ArmLink.exe V5.06 update 6 (build 750)
Library Manager: ArmAr.exe V5.06 update 6 (build 750)
Hex Converter:   FromElf.exe V5.06 update 6 (build 750)
CPU DLL:         SARMCM3.DLL V5.27.1.0
Dialog DLL:      DCM.DLL V1.17.2.0
Target DLL:      STLink\ST-LINKIII-KEIL_SWO.dll V3.0.6.0
Dialog DLL:      TCM.DLL V1.36.1.0
 
<h2>Project:</h2>
C:\Users\Islam\Desktop\ITI_Intern\Main\PowerOptimizedVersion\STM32f103c8_STOP_Enter_Exit\MDK-ARM\STM32f103c8_STOP_Enter_Exit.uvprojx
Project File Date:  09/18/2019

<h2>Output:</h2>
*** Using Compiler 'V5.06 update 6 (build 750)', folder: 'C:\Keil_v5\ARM\ARMCC\Bin'
Rebuild target 'STM32f103c8_STOP_Enter_Exit'
assembling startup_stm32f103xb.s...
compiling stm32f1xx_it.c...
compiling user_diskio.c...
compiling stm32f1xx_hal_gpio_ex.c...
compiling stm32f1xx_hal_adc.c...
compiling fatfs.c...
compiling main.c...
../Src/main.c(371): warning:  #223-D: function "HAL_RTCEx_SetWakeUpTimer_IT" declared implicitly
  	HAL_RTCEx_SetWakeUpTimer_IT();
../Src/main.c(360): warning:  #177-D: function "RTC_SetAlarmTo"  was declared but never referenced
  static void RTC_SetAlarmTo(uint8_t Hours, uint8_t Minutes, uint8_t Seconds)
../Src/main.c: 2 warnings, 0 errors
compiling stm32f1xx_hal_msp.c...
compiling stm32f1xx_hal_tim.c...
compiling stm32f1xx_hal_tim_ex.c...
compiling stm32f1xx_hal_spi_ex.c...
compiling stm32f1xx_hal_rtc.c...
compiling stm32f1xx_hal_rtc_ex.c...
compiling stm32f1xx_hal_adc_ex.c...
compiling stm32f1xx_hal_spi.c...
compiling stm32f1xx_hal_cortex.c...
compiling stm32f1xx_hal_gpio.c...
compiling stm32f1xx_hal.c...
compiling stm32f1xx_hal_rcc_ex.c...
compiling stm32f1xx_hal_dma.c...
compiling stm32f1xx_hal_uart.c...
compiling stm32f1xx_hal_rcc.c...
compiling system_stm32f1xx.c...
compiling stm32f1xx_hal_pwr.c...
compiling stm32f1xx_hal_flash_ex.c...
compiling ff_gen_drv.c...
compiling stm32f1xx_hal_flash.c...
compiling diskio.c...
compiling ff.c...
compiling syscall.c...
linking...
Program Size: Code=5418 RO-data=294 RW-data=16 ZI-data=1048  
FromELF: creating hex file...
".\STM32f103c8_STOP_Enter_Exit\STM32f103c8_STOP_Enter_Exit.axf" - 0 Error(s), 2 Warning(s).

<h2>Software Packages used:</h2>

Package Vendor: ARM
                http://www.keil.com/pack/ARM.CMSIS.5.5.1.pack
                ARM.CMSIS.5.5.1
                CMSIS (Cortex Microcontroller Software Interface Standard)
   * Component: CORE Version: 5.2.0

Package Vendor: Keil
                http://www.keil.com/pack/Keil.STM32F1xx_DFP.2.2.0.pack
                Keil.STM32F1xx_DFP.2.2.0
                STMicroelectronics STM32F1 Series Device Support, Drivers and Examples

<h2>Collection of Component include folders:</h2>
  .\RTE\_STM32f103c8_STOP_Enter_Exit
  C:\Keil_v5\ARM\PACK\ARM\CMSIS\5.5.1\CMSIS\Core\Include
  C:\Keil_v5\ARM\PACK\Keil\STM32F1xx_DFP\2.2.0\Device\Include

<h2>Collection of Component Files used:</h2>

   * Component: ARM::CMSIS:CORE:5.2.0
Build Time Elapsed:  00:00:13
</pre>
</body>
</html>
